{
                "correlationId": "",
                "timestamp": "2026-05-20T16:55:24.220",
                "level": "INFO",
                "thread": "main",
                "logger": "co.edu.uco.infrastructure.init.CrossWordApplication",
                "message": "Starting CrossWordApplication v0.0.1-SNAPSHOT using Java 21.0.10 with PID 7 (/app/app.jar started by root in /app)"
                }{
                "correlationId": "",
                "timestamp": "2026-05-20T16:55:24.279",
                "level": "INFO",
                "thread": "main",
                "logger": "co.edu.uco.infrastructure.init.CrossWordApplication",
                "message": "No active profile set, falling back to 1 default profile: "default""
                }{
                "correlationId": "",
                "timestamp": "2026-05-20T16:55:26.908",
                "level": "INFO",
                "thread": "main",
                "logger": "org.springframework.data.repository.config.RepositoryConfigurationDelegate",
                "message": "Multiple Spring Data modules found, entering strict repository configuration mode"
                }{
                "correlationId": "",
                "timestamp": "2026-05-20T16:55:26.932",
                "level": "INFO",
                "thread": "main",
                "logger": "org.springframework.data.repository.config.RepositoryConfigurationDelegate",
                "message": "Bootstrapping Spring Data Redis repositories in DEFAULT mode."
                }{
                "correlationId": "",
                "timestamp": "2026-05-20T16:55:27.122",
                "level": "INFO",
                "thread": "main",
                "logger": "org.springframework.data.repository.config.RepositoryConfigurationExtensionSupport",
                "message": "Spring Data Redis - Could not safely identify store assignment for repository candidate interface co.edu.uco.infrastructure.adapter.secondary.repository.postgresql.TokenPostgresSQLRepositoryAdapter; If you want this repository to be a Redis repository, consider annotating your entities with one of these annotations: org.springframework.data.redis.core.RedisHash (preferred), or consider extending one of the following types with your repository: org.springframework.data.keyvalue.repository.KeyValueRepository"
                }{
                "correlationId": "",
                "timestamp": "2026-05-20T16:55:27.131",
                "level": "INFO",
                "thread": "main",
                "logger": "org.springframework.data.repository.config.RepositoryConfigurationExtensionSupport",
                "message": "Spring Data Redis - Could not safely identify store assignment for repository candidate interface co.edu.uco.infrastructure.adapter.secondary.repository.mongo.TokenMongoRepositoryAdapter; If you want this repository to be a Redis repository, consider annotating your entities with one of these annotations: org.springframework.data.redis.core.RedisHash (preferred), or consider extending one of the following types with your repository: org.springframework.data.keyvalue.repository.KeyValueRepository"
                }{
                "correlationId": "",
                "timestamp": "2026-05-20T16:55:27.137",
                "level": "INFO",
                "thread": "main",
                "logger": "org.springframework.data.repository.config.RepositoryConfigurationExtensionSupport",
                "message": "Spring Data Redis - Could not safely identify store assignment for repository candidate interface co.edu.uco.infrastructure.adapter.secondary.repository.mongo.TokenStateMongoRepositoryAdapter; If you want this repository to be a Redis repository, consider annotating your entities with one of these annotations: org.springframework.data.redis.core.RedisHash (preferred), or consider extending one of the following types with your repository: org.springframework.data.keyvalue.repository.KeyValueRepository"
                }{
                "correlationId": "",
                "timestamp": "2026-05-20T16:55:27.141",
                "level": "INFO",
                "thread": "main",
                "logger": "org.springframework.data.repository.config.RepositoryConfigurationExtensionSupport",
                "message": "Spring Data Redis - Could not safely identify store assignment for repository candidate interface co.edu.uco.infrastructure.adapter.secondary.repository.mongo.EnvironmentMongoRepositoryAdapter; If you want this repository to be a Redis repository, consider annotating your entities with one of these annotations: org.springframework.data.redis.core.RedisHash (preferred), or consider extending one of the following types with your repository: org.springframework.data.keyvalue.repository.KeyValueRepository"
                }{
                "correlationId": "",
                "timestamp": "2026-05-20T16:55:27.149",
                "level": "INFO",
                "thread": "main",
                "logger": "org.springframework.data.repository.config.RepositoryConfigurationExtensionSupport",
                "message": "Spring Data Redis - Could not safely identify store assignment for repository candidate interface co.edu.uco.infrastructure.adapter.secondary.repository.mongo.EnvironmentRepositoryAdapter; If you want this repository to be a Redis repository, consider annotating your entities with one of these annotations: org.springframework.data.redis.core.RedisHash (preferred), or consider extending one of the following types with your repository: org.springframework.data.keyvalue.repository.KeyValueRepository"
                }{
                "correlationId": "",
                "timestamp": "2026-05-20T16:55:27.210",
                "level": "INFO",
                "thread": "main",
                "logger": "org.springframework.data.repository.config.RepositoryConfigurationDelegate",
                "message": "Finished Spring Data repository scanning in 213 ms. Found 1 Redis repository interface."
                }{
                "correlationId": "",
                "timestamp": "2026-05-20T16:55:27.228",
                "level": "INFO",
                "thread": "main",
                "logger": "org.springframework.data.repository.config.RepositoryConfigurationDelegate",
                "message": "Multiple Spring Data modules found, entering strict repository configuration mode"
                }{
                "correlationId": "",
                "timestamp": "2026-05-20T16:55:27.230",
                "level": "INFO",
                "thread": "main",
                "logger": "org.springframework.data.repository.config.RepositoryConfigurationDelegate",
                "message": "Bootstrapping Spring Data JPA repositories in DEFAULT mode."
                }{
                "correlationId": "",
                "timestamp": "2026-05-20T16:55:27.270",
                "level": "INFO",
                "thread": "main",
                "logger": "org.springframework.data.repository.config.RepositoryConfigurationDelegate",
                "message": "Finished Spring Data repository scanning in 22 ms. Found 1 JPA repository interface."
                }{
                "correlationId": "",
                "timestamp": "2026-05-20T16:55:27.274",
                "level": "INFO",
                "thread": "main",
                "logger": "org.springframework.data.repository.config.RepositoryConfigurationDelegate",
                "message": "Multiple Spring Data modules found, entering strict repository configuration mode"
                }{
                "correlationId": "",
                "timestamp": "2026-05-20T16:55:27.276",
                "level": "INFO",
                "thread": "main",
                "logger": "org.springframework.data.repository.config.RepositoryConfigurationDelegate",
                "message": "Bootstrapping Spring Data MongoDB repositories in DEFAULT mode."
                }{
                "correlationId": "",
                "timestamp": "2026-05-20T16:55:27.288",
                "level": "INFO",
                "thread": "main",
                "logger": "org.springframework.data.repository.config.RepositoryConfigurationExtensionSupport",
                "message": "Spring Data MongoDB - Could not safely identify store assignment for repository candidate interface co.edu.uco.infrastructure.adapter.secondary.repository.redis.RedisRepositoryAdapter; If you want this repository to be a MongoDB repository, consider annotating your entities with one of these annotations: org.springframework.data.mongodb.core.mapping.Document (preferred), or consider extending one of the following types with your repository: org.springframework.data.mongodb.repository.MongoRepository"
                }{
                "correlationId": "",
                "timestamp": "2026-05-20T16:55:27.290",
                "level": "INFO",
                "thread": "main",
                "logger": "org.springframework.data.repository.config.RepositoryConfigurationExtensionSupport",
                "message": "Spring Data MongoDB - Could not safely identify store assignment for repository candidate interface co.edu.uco.infrastructure.adapter.secondary.repository.postgresql.TokenPostgresSQLRepositoryAdapter; If you want this repository to be a MongoDB repository, consider annotating your entities with one of these annotations: org.springframework.data.mongodb.core.mapping.Document (preferred), or consider extending one of the following types with your repository: org.springframework.data.mongodb.repository.MongoRepository"
                }{
                "correlationId": "",
                "timestamp": "2026-05-20T16:55:27.312",
                "level": "INFO",
                "thread": "main",
                "logger": "org.springframework.data.repository.config.RepositoryConfigurationDelegate",
                "message": "Finished Spring Data repository scanning in 35 ms. Found 4 MongoDB repository interfaces."
                }{
                "correlationId": "",
                "timestamp": "2026-05-20T16:55:30.925",
                "level": "INFO",
                "thread": "main",
                "logger": "org.springframework.boot.web.embedded.tomcat.TomcatWebServer",
                "message": "Tomcat initialized with port 8085 (http)"
                }{
                "correlationId": "",
                "timestamp": "2026-05-20T16:55:30.940",
                "level": "INFO",
                "thread": "main",
                "logger": "org.apache.coyote.http11.Http11NioProtocol",
                "message": "Initializing ProtocolHandler ["http-nio-8085"]"
                }{
                "correlationId": "",
                "timestamp": "2026-05-20T16:55:30.945",
                "level": "INFO",
                "thread": "main",
                "logger": "org.apache.catalina.core.StandardService",
                "message": "Starting service [Tomcat]"
                }{
                "correlationId": "",
                "timestamp": "2026-05-20T16:55:30.949",
                "level": "INFO",
                "thread": "main",
                "logger": "org.apache.catalina.core.StandardEngine",
                "message": "Starting Servlet engine: [Apache Tomcat/10.1.20]"
                }{
                "correlationId": "",
                "timestamp": "2026-05-20T16:55:31.005",
                "level": "INFO",
                "thread": "main",
                "logger": "org.apache.catalina.core.ContainerBase.[Tomcat].[localhost].[/]",
                "message": "Initializing Spring embedded WebApplicationContext"
                }{
                "correlationId": "",
                "timestamp": "2026-05-20T16:55:31.007",
                "level": "INFO",
                "thread": "main",
                "logger": "org.springframework.boot.web.servlet.context.ServletWebServerApplicationContext",
                "message": "Root WebApplicationContext: initialization completed in 6638 ms"
                }{
                "correlationId": "",
                "timestamp": "2026-05-20T16:55:31.462",
                "level": "INFO",
                "thread": "main",
                "logger": "org.hibernate.jpa.internal.util.LogHelper",
                "message": "HHH000204: Processing PersistenceUnitInfo [name: default]"
                }{
                "correlationId": "",
                "timestamp": "2026-05-20T16:55:31.626",
                "level": "INFO",
                "thread": "main",
                "logger": "org.hibernate.Version",
                "message": "HHH000412: Hibernate ORM core version 6.4.4.Final"
                }{
                "correlationId": "",
                "timestamp": "2026-05-20T16:55:31.736",
                "level": "INFO",
                "thread": "main",
                "logger": "org.hibernate.cache.internal.RegionFactoryInitiator",
                "message": "HHH000026: Second-level cache disabled"
                }{
                "correlationId": "",
                "timestamp": "2026-05-20T16:55:32.347",
                "level": "INFO",
                "thread": "main",
                "logger": "org.springframework.orm.jpa.persistenceunit.SpringPersistenceUnitInfo",
                "message": "No LoadTimeWeaver setup: ignoring JPA class transformer"
                }{
                "correlationId": "",
                "timestamp": "2026-05-20T16:55:32.770",
                "level": "WARN",
                "thread": "main",
                "logger": "org.hibernate.orm.deprecation",
                "message": "HHH90000025: PostgreSQLDialect does not need to be specified explicitly using 'hibernate.dialect' (remove the property setting and it will be selected by default)"
                }{
                "correlationId": "",
                "timestamp": "2026-05-20T16:55:33.997",
                "level": "INFO",
                "thread": "main",
                "logger": "org.hibernate.engine.transaction.jta.platform.internal.JtaPlatformInitiator",
                "message": "HHH000489: No JTA platform available (set 'hibernate.transaction.jta.platform' to enable JTA platform integration)"
                }{
                "correlationId": "",
                "timestamp": "2026-05-20T16:55:34.084",
                "level": "INFO",
                "thread": "main",
                "logger": "org.springframework.orm.jpa.LocalContainerEntityManagerFactoryBean",
                "message": "Initialized JPA EntityManagerFactory for persistence unit 'default'"
                }{
                "correlationId": "",
                "timestamp": "2026-05-20T16:55:35.556",
                "level": "INFO",
                "thread": "main",
                "logger": "co.edu.uco.infrastructure.configuration.SurrealDBConfig",
                "message": "Connecting to SurrealDB at: ws://surrealdb:8005/rpc"
                }{
                "correlationId": "",
                "timestamp": "2026-05-20T16:55:36.596",
                "level": "INFO",
                "thread": "main",
                "logger": "co.edu.uco.infrastructure.configuration.SurrealDBConfig",
                "message": "Successfully signed in to SurrealDB"
                }{
                "correlationId": "",
                "timestamp": "2026-05-20T16:55:36.598",
                "level": "INFO",
                "thread": "main",
                "logger": "co.edu.uco.infrastructure.configuration.SurrealDBConfig",
                "message": "Using namespace: messageucolab and database: messageucolab"
                }{
                "correlationId": "",
                "timestamp": "2026-05-20T16:55:39.573",
                "level": "WARN",
                "thread": "main",
                "logger": "org.springframework.boot.autoconfigure.orm.jpa.JpaBaseConfiguration$JpaWebConfiguration",
                "message": "spring.jpa.open-in-view is enabled by default. Therefore, database queries may be performed during view rendering. Explicitly configure spring.jpa.open-in-view to disable this warning"
                }{
                "correlationId": "",
                "timestamp": "2026-05-20T16:55:41.845",
                "level": "INFO",
                "thread": "main",
                "logger": "org.springframework.boot.actuate.endpoint.web.EndpointLinksResolver",
                "message": "Exposing 3 endpoint(s) beneath base path '/actuator'"
                }{
                "correlationId": "",
                "timestamp": "2026-05-20T16:55:41.972",
                "level": "INFO",
                "thread": "main",
                "logger": "org.apache.coyote.http11.Http11NioProtocol",
                "message": "Starting ProtocolHandler ["http-nio-8085"]"
                }{
                "correlationId": "",
                "timestamp": "2026-05-20T16:55:42.014",
                "level": "INFO",
                "thread": "main",
                "logger": "org.springframework.boot.web.embedded.tomcat.TomcatWebServer",
                "message": "Tomcat started on port 8085 (http) with context path ''"
                }{
                "correlationId": "",
                "timestamp": "2026-05-20T16:55:42.082",
                "level": "INFO",
                "thread": "main",
                "logger": "co.edu.uco.infrastructure.init.CrossWordApplication",
                "message": "Started CrossWordApplication in 36.176 seconds (process running for 41.096)"
                }{
                "correlationId": "",
                "timestamp": "2026-05-20T17:01:38.947",
                "level": "INFO",
                "thread": "main",
                "logger": "co.edu.uco.infrastructure.init.CrossWordApplication",
                "message": "Starting CrossWordApplication v0.0.1-SNAPSHOT using Java 21.0.10 with PID 7 (/app/app.jar started by root in /app)"
                }{
                "correlationId": "",
                "timestamp": "2026-05-20T17:01:38.974",
                "level": "INFO",
                "thread": "main",
                "logger": "co.edu.uco.infrastructure.init.CrossWordApplication",
                "message": "No active profile set, falling back to 1 default profile: "default""
                }{
                "correlationId": "",
                "timestamp": "2026-05-20T17:01:42.809",
                "level": "INFO",
                "thread": "main",
                "logger": "org.springframework.data.repository.config.RepositoryConfigurationDelegate",
                "message": "Multiple Spring Data modules found, entering strict repository configuration mode"
                }{
                "correlationId": "",
                "timestamp": "2026-05-20T17:01:42.842",
                "level": "INFO",
                "thread": "main",
                "logger": "org.springframework.data.repository.config.RepositoryConfigurationDelegate",
                "message": "Bootstrapping Spring Data Redis repositories in DEFAULT mode."
                }{
                "correlationId": "",
                "timestamp": "2026-05-20T17:01:43.117",
                "level": "INFO",
                "thread": "main",
                "logger": "org.springframework.data.repository.config.RepositoryConfigurationExtensionSupport",
                "message": "Spring Data Redis - Could not safely identify store assignment for repository candidate interface co.edu.uco.infrastructure.adapter.secondary.repository.postgresql.TokenPostgresSQLRepositoryAdapter; If you want this repository to be a Redis repository, consider annotating your entities with one of these annotations: org.springframework.data.redis.core.RedisHash (preferred), or consider extending one of the following types with your repository: org.springframework.data.keyvalue.repository.KeyValueRepository"
                }{
                "correlationId": "",
                "timestamp": "2026-05-20T17:01:43.126",
                "level": "INFO",
                "thread": "main",
                "logger": "org.springframework.data.repository.config.RepositoryConfigurationExtensionSupport",
                "message": "Spring Data Redis - Could not safely identify store assignment for repository candidate interface co.edu.uco.infrastructure.adapter.secondary.repository.mongo.TokenMongoRepositoryAdapter; If you want this repository to be a Redis repository, consider annotating your entities with one of these annotations: org.springframework.data.redis.core.RedisHash (preferred), or consider extending one of the following types with your repository: org.springframework.data.keyvalue.repository.KeyValueRepository"
                }{
                "correlationId": "",
                "timestamp": "2026-05-20T17:01:43.138",
                "level": "INFO",
                "thread": "main",
                "logger": "org.springframework.data.repository.config.RepositoryConfigurationExtensionSupport",
                "message": "Spring Data Redis - Could not safely identify store assignment for repository candidate interface co.edu.uco.infrastructure.adapter.secondary.repository.mongo.TokenStateMongoRepositoryAdapter; If you want this repository to be a Redis repository, consider annotating your entities with one of these annotations: org.springframework.data.redis.core.RedisHash (preferred), or consider extending one of the following types with your repository: org.springframework.data.keyvalue.repository.KeyValueRepository"
                }{
                "correlationId": "",
                "timestamp": "2026-05-20T17:01:43.144",
                "level": "INFO",
                "thread": "main",
                "logger": "org.springframework.data.repository.config.RepositoryConfigurationExtensionSupport",
                "message": "Spring Data Redis - Could not safely identify store assignment for repository candidate interface co.edu.uco.infrastructure.adapter.secondary.repository.mongo.EnvironmentMongoRepositoryAdapter; If you want this repository to be a Redis repository, consider annotating your entities with one of these annotations: org.springframework.data.redis.core.RedisHash (preferred), or consider extending one of the following types with your repository: org.springframework.data.keyvalue.repository.KeyValueRepository"
                }{
                "correlationId": "",
                "timestamp": "2026-05-20T17:01:43.149",
                "level": "INFO",
                "thread": "main",
                "logger": "org.springframework.data.repository.config.RepositoryConfigurationExtensionSupport",
                "message": "Spring Data Redis - Could not safely identify store assignment for repository candidate interface co.edu.uco.infrastructure.adapter.secondary.repository.mongo.EnvironmentRepositoryAdapter; If you want this repository to be a Redis repository, consider annotating your entities with one of these annotations: org.springframework.data.redis.core.RedisHash (preferred), or consider extending one of the following types with your repository: org.springframework.data.keyvalue.repository.KeyValueRepository"
                }{
                "correlationId": "",
                "timestamp": "2026-05-20T17:01:43.226",
                "level": "INFO",
                "thread": "main",
                "logger": "org.springframework.data.repository.config.RepositoryConfigurationDelegate",
                "message": "Finished Spring Data repository scanning in 285 ms. Found 1 Redis repository interface."
                }{
                "correlationId": "",
                "timestamp": "2026-05-20T17:01:43.237",
                "level": "INFO",
                "thread": "main",
                "logger": "org.springframework.data.repository.config.RepositoryConfigurationDelegate",
                "message": "Multiple Spring Data modules found, entering strict repository configuration mode"
                }{
                "correlationId": "",
                "timestamp": "2026-05-20T17:01:43.243",
                "level": "INFO",
                "thread": "main",
                "logger": "org.springframework.data.repository.config.RepositoryConfigurationDelegate",
                "message": "Bootstrapping Spring Data JPA repositories in DEFAULT mode."
                }{
                "correlationId": "",
                "timestamp": "2026-05-20T17:01:43.281",
                "level": "INFO",
                "thread": "main",
                "logger": "org.springframework.data.repository.config.RepositoryConfigurationDelegate",
                "message": "Finished Spring Data repository scanning in 22 ms. Found 1 JPA repository interface."
                }{
                "correlationId": "",
                "timestamp": "2026-05-20T17:01:43.288",
                "level": "INFO",
                "thread": "main",
                "logger": "org.springframework.data.repository.config.RepositoryConfigurationDelegate",
                "message": "Multiple Spring Data modules found, entering strict repository configuration mode"
                }{
                "correlationId": "",
                "timestamp": "2026-05-20T17:01:43.290",
                "level": "INFO",
                "thread": "main",
                "logger": "org.springframework.data.repository.config.RepositoryConfigurationDelegate",
                "message": "Bootstrapping Spring Data MongoDB repositories in DEFAULT mode."
                }{
                "correlationId": "",
                "timestamp": "2026-05-20T17:01:43.303",
                "level": "INFO",
                "thread": "main",
                "logger": "org.springframework.data.repository.config.RepositoryConfigurationExtensionSupport",
                "message": "Spring Data MongoDB - Could not safely identify store assignment for repository candidate interface co.edu.uco.infrastructure.adapter.secondary.repository.redis.RedisRepositoryAdapter; If you want this repository to be a MongoDB repository, consider annotating your entities with one of these annotations: org.springframework.data.mongodb.core.mapping.Document (preferred), or consider extending one of the following types with your repository: org.springframework.data.mongodb.repository.MongoRepository"
                }{
                "correlationId": "",
                "timestamp": "2026-05-20T17:01:43.306",
                "level": "INFO",
                "thread": "main",
                "logger": "org.springframework.data.repository.config.RepositoryConfigurationExtensionSupport",
                "message": "Spring Data MongoDB - Could not safely identify store assignment for repository candidate interface co.edu.uco.infrastructure.adapter.secondary.repository.postgresql.TokenPostgresSQLRepositoryAdapter; If you want this repository to be a MongoDB repository, consider annotating your entities with one of these annotations: org.springframework.data.mongodb.core.mapping.Document (preferred), or consider extending one of the following types with your repository: org.springframework.data.mongodb.repository.MongoRepository"
                }{
                "correlationId": "",
                "timestamp": "2026-05-20T17:01:43.333",
                "level": "INFO",
                "thread": "main",
                "logger": "org.springframework.data.repository.config.RepositoryConfigurationDelegate",
                "message": "Finished Spring Data repository scanning in 39 ms. Found 4 MongoDB repository interfaces."
                }{
                "correlationId": "",
                "timestamp": "2026-05-20T17:01:46.480",
                "level": "INFO",
                "thread": "main",
                "logger": "org.springframework.boot.web.embedded.tomcat.TomcatWebServer",
                "message": "Tomcat initialized with port 8085 (http)"
                }{
                "correlationId": "",
                "timestamp": "2026-05-20T17:01:46.517",
                "level": "INFO",
                "thread": "main",
                "logger": "org.apache.coyote.http11.Http11NioProtocol",
                "message": "Initializing ProtocolHandler ["http-nio-8085"]"
                }{
                "correlationId": "",
                "timestamp": "2026-05-20T17:01:46.525",
                "level": "INFO",
                "thread": "main",
                "logger": "org.apache.catalina.core.StandardService",
                "message": "Starting service [Tomcat]"
                }{
                "correlationId": "",
                "timestamp": "2026-05-20T17:01:46.527",
                "level": "INFO",
                "thread": "main",
                "logger": "org.apache.catalina.core.StandardEngine",
                "message": "Starting Servlet engine: [Apache Tomcat/10.1.20]"
                }{
                "correlationId": "",
                "timestamp": "2026-05-20T17:01:46.610",
                "level": "INFO",
                "thread": "main",
                "logger": "org.apache.catalina.core.ContainerBase.[Tomcat].[localhost].[/]",
                "message": "Initializing Spring embedded WebApplicationContext"
                }{
                "correlationId": "",
                "timestamp": "2026-05-20T17:01:46.612",
                "level": "INFO",
                "thread": "main",
                "logger": "org.springframework.boot.web.servlet.context.ServletWebServerApplicationContext",
                "message": "Root WebApplicationContext: initialization completed in 7428 ms"
                }{
                "correlationId": "",
                "timestamp": "2026-05-20T17:01:47.281",
                "level": "INFO",
                "thread": "main",
                "logger": "org.hibernate.jpa.internal.util.LogHelper",
                "message": "HHH000204: Processing PersistenceUnitInfo [name: default]"
                }{
                "correlationId": "",
                "timestamp": "2026-05-20T17:01:47.451",
                "level": "INFO",
                "thread": "main",
                "logger": "org.hibernate.Version",
                "message": "HHH000412: Hibernate ORM core version 6.4.4.Final"
                }{
                "correlationId": "",
                "timestamp": "2026-05-20T17:01:47.533",
                "level": "INFO",
                "thread": "main",
                "logger": "org.hibernate.cache.internal.RegionFactoryInitiator",
                "message": "HHH000026: Second-level cache disabled"
                }{
                "correlationId": "",
                "timestamp": "2026-05-20T17:01:48.117",
                "level": "INFO",
                "thread": "main",
                "logger": "org.springframework.orm.jpa.persistenceunit.SpringPersistenceUnitInfo",
                "message": "No LoadTimeWeaver setup: ignoring JPA class transformer"
                }{
                "correlationId": "",
                "timestamp": "2026-05-20T17:01:48.570",
                "level": "WARN",
                "thread": "main",
                "logger": "org.hibernate.orm.deprecation",
                "message": "HHH90000025: PostgreSQLDialect does not need to be specified explicitly using 'hibernate.dialect' (remove the property setting and it will be selected by default)"
                }{
                "correlationId": "",
                "timestamp": "2026-05-20T17:01:50.049",
                "level": "INFO",
                "thread": "main",
                "logger": "org.hibernate.engine.transaction.jta.platform.internal.JtaPlatformInitiator",
                "message": "HHH000489: No JTA platform available (set 'hibernate.transaction.jta.platform' to enable JTA platform integration)"
                }{
                "correlationId": "",
                "timestamp": "2026-05-20T17:01:50.056",
                "level": "INFO",
                "thread": "main",
                "logger": "org.springframework.orm.jpa.LocalContainerEntityManagerFactoryBean",
                "message": "Initialized JPA EntityManagerFactory for persistence unit 'default'"
                }{
                "correlationId": "",
                "timestamp": "2026-05-20T17:01:50.432",
                "level": "INFO",
                "thread": "main",
                "logger": "co.edu.uco.infrastructure.configuration.SurrealDBConfig",
                "message": "Connecting to SurrealDB at: ws://surrealdb:8005/rpc"
                }{
                "correlationId": "",
                "timestamp": "2026-05-20T17:01:51.392",
                "level": "INFO",
                "thread": "main",
                "logger": "co.edu.uco.infrastructure.configuration.SurrealDBConfig",
                "message": "Successfully signed in to SurrealDB"
                }{
                "correlationId": "",
                "timestamp": "2026-05-20T17:01:51.404",
                "level": "INFO",
                "thread": "main",
                "logger": "co.edu.uco.infrastructure.configuration.SurrealDBConfig",
                "message": "Using namespace: messageucolab and database: messageucolab"
                }{
                "correlationId": "",
                "timestamp": "2026-05-20T17:01:54.329",
                "level": "WARN",
                "thread": "main",
                "logger": "org.springframework.boot.autoconfigure.orm.jpa.JpaBaseConfiguration$JpaWebConfiguration",
                "message": "spring.jpa.open-in-view is enabled by default. Therefore, database queries may be performed during view rendering. Explicitly configure spring.jpa.open-in-view to disable this warning"
                }{
                "correlationId": "",
                "timestamp": "2026-05-20T17:01:55.411",
                "level": "INFO",
                "thread": "main",
                "logger": "org.springframework.boot.actuate.endpoint.web.EndpointLinksResolver",
                "message": "Exposing 3 endpoint(s) beneath base path '/actuator'"
                }{
                "correlationId": "",
                "timestamp": "2026-05-20T17:01:55.519",
                "level": "INFO",
                "thread": "main",
                "logger": "org.apache.coyote.http11.Http11NioProtocol",
                "message": "Starting ProtocolHandler ["http-nio-8085"]"
                }{
                "correlationId": "",
                "timestamp": "2026-05-20T17:01:55.542",
                "level": "INFO",
                "thread": "main",
                "logger": "org.springframework.boot.web.embedded.tomcat.TomcatWebServer",
                "message": "Tomcat started on port 8085 (http) with context path ''"
                }{
                "correlationId": "",
                "timestamp": "2026-05-20T17:01:55.565",
                "level": "INFO",
                "thread": "main",
                "logger": "co.edu.uco.infrastructure.init.CrossWordApplication",
                "message": "Started CrossWordApplication in 35.819 seconds (process running for 42.244)"
                }