{
                "correlationId": "",
                "timestamp": "2026-03-28T20:11:08.812",
                "level": "INFO",
                "thread": "main",
                "logger": "co.edu.uco.infrastructure.init.CrossWordApplication",
                "message": "Starting CrossWordApplication v0.0.1-SNAPSHOT using Java 17.0.18 with PID 7 (/app/app.jar started by root in /app)"
                }{
                "correlationId": "",
                "timestamp": "2026-03-28T20:11:08.825",
                "level": "INFO",
                "thread": "main",
                "logger": "co.edu.uco.infrastructure.init.CrossWordApplication",
                "message": "No active profile set, falling back to 1 default profile: "default""
                }{
                "correlationId": "",
                "timestamp": "2026-03-28T20:11:09.705",
                "level": "INFO",
                "thread": "main",
                "logger": "org.springframework.data.repository.config.RepositoryConfigurationDelegate",
                "message": "Multiple Spring Data modules found, entering strict repository configuration mode"
                }{
                "correlationId": "",
                "timestamp": "2026-03-28T20:11:09.706",
                "level": "INFO",
                "thread": "main",
                "logger": "org.springframework.data.repository.config.RepositoryConfigurationDelegate",
                "message": "Bootstrapping Spring Data Redis repositories in DEFAULT mode."
                }{
                "correlationId": "",
                "timestamp": "2026-03-28T20:11:09.756",
                "level": "INFO",
                "thread": "main",
                "logger": "org.springframework.data.repository.config.RepositoryConfigurationExtensionSupport",
                "message": "Spring Data Redis - Could not safely identify store assignment for repository candidate interface co.edu.uco.infrastructure.adapter.secondary.repository.mongo.EnvironmentRepositoryAdapter; If you want this repository to be a Redis repository, consider annotating your entities with one of these annotations: org.springframework.data.redis.core.RedisHash (preferred), or consider extending one of the following types with your repository: org.springframework.data.keyvalue.repository.KeyValueRepository"
                }{
                "correlationId": "",
                "timestamp": "2026-03-28T20:11:09.758",
                "level": "INFO",
                "thread": "main",
                "logger": "org.springframework.data.repository.config.RepositoryConfigurationExtensionSupport",
                "message": "Spring Data Redis - Could not safely identify store assignment for repository candidate interface co.edu.uco.infrastructure.adapter.secondary.repository.mongo.TokenStateMongoRepositoryAdapter; If you want this repository to be a Redis repository, consider annotating your entities with one of these annotations: org.springframework.data.redis.core.RedisHash (preferred), or consider extending one of the following types with your repository: org.springframework.data.keyvalue.repository.KeyValueRepository"
                }{
                "correlationId": "",
                "timestamp": "2026-03-28T20:11:09.761",
                "level": "INFO",
                "thread": "main",
                "logger": "org.springframework.data.repository.config.RepositoryConfigurationExtensionSupport",
                "message": "Spring Data Redis - Could not safely identify store assignment for repository candidate interface co.edu.uco.infrastructure.adapter.secondary.repository.mongo.TokenMongoRepositoryAdapter; If you want this repository to be a Redis repository, consider annotating your entities with one of these annotations: org.springframework.data.redis.core.RedisHash (preferred), or consider extending one of the following types with your repository: org.springframework.data.keyvalue.repository.KeyValueRepository"
                }{
                "correlationId": "",
                "timestamp": "2026-03-28T20:11:09.762",
                "level": "INFO",
                "thread": "main",
                "logger": "org.springframework.data.repository.config.RepositoryConfigurationExtensionSupport",
                "message": "Spring Data Redis - Could not safely identify store assignment for repository candidate interface co.edu.uco.infrastructure.adapter.secondary.repository.mongo.EnvironmentMongoRepositoryAdapter; If you want this repository to be a Redis repository, consider annotating your entities with one of these annotations: org.springframework.data.redis.core.RedisHash (preferred), or consider extending one of the following types with your repository: org.springframework.data.keyvalue.repository.KeyValueRepository"
                }{
                "correlationId": "",
                "timestamp": "2026-03-28T20:11:09.765",
                "level": "INFO",
                "thread": "main",
                "logger": "org.springframework.data.repository.config.RepositoryConfigurationExtensionSupport",
                "message": "Spring Data Redis - Could not safely identify store assignment for repository candidate interface co.edu.uco.infrastructure.adapter.secondary.repository.postgresql.TokenPostgresSQLRepositoryAdapter; If you want this repository to be a Redis repository, consider annotating your entities with one of these annotations: org.springframework.data.redis.core.RedisHash (preferred), or consider extending one of the following types with your repository: org.springframework.data.keyvalue.repository.KeyValueRepository"
                }{
                "correlationId": "",
                "timestamp": "2026-03-28T20:11:09.804",
                "level": "INFO",
                "thread": "main",
                "logger": "org.springframework.data.repository.config.RepositoryConfigurationDelegate",
                "message": "Finished Spring Data repository scanning in 70 ms. Found 1 Redis repository interface."
                }{
                "correlationId": "",
                "timestamp": "2026-03-28T20:11:09.809",
                "level": "INFO",
                "thread": "main",
                "logger": "org.springframework.data.repository.config.RepositoryConfigurationDelegate",
                "message": "Multiple Spring Data modules found, entering strict repository configuration mode"
                }{
                "correlationId": "",
                "timestamp": "2026-03-28T20:11:09.810",
                "level": "INFO",
                "thread": "main",
                "logger": "org.springframework.data.repository.config.RepositoryConfigurationDelegate",
                "message": "Bootstrapping Spring Data JPA repositories in DEFAULT mode."
                }{
                "correlationId": "",
                "timestamp": "2026-03-28T20:11:09.822",
                "level": "INFO",
                "thread": "main",
                "logger": "org.springframework.data.repository.config.RepositoryConfigurationDelegate",
                "message": "Finished Spring Data repository scanning in 6 ms. Found 1 JPA repository interface."
                }{
                "correlationId": "",
                "timestamp": "2026-03-28T20:11:09.824",
                "level": "INFO",
                "thread": "main",
                "logger": "org.springframework.data.repository.config.RepositoryConfigurationDelegate",
                "message": "Multiple Spring Data modules found, entering strict repository configuration mode"
                }{
                "correlationId": "",
                "timestamp": "2026-03-28T20:11:09.825",
                "level": "INFO",
                "thread": "main",
                "logger": "org.springframework.data.repository.config.RepositoryConfigurationDelegate",
                "message": "Bootstrapping Spring Data MongoDB repositories in DEFAULT mode."
                }{
                "correlationId": "",
                "timestamp": "2026-03-28T20:11:09.830",
                "level": "INFO",
                "thread": "main",
                "logger": "org.springframework.data.repository.config.RepositoryConfigurationExtensionSupport",
                "message": "Spring Data MongoDB - Could not safely identify store assignment for repository candidate interface co.edu.uco.infrastructure.adapter.secondary.repository.postgresql.TokenPostgresSQLRepositoryAdapter; If you want this repository to be a MongoDB repository, consider annotating your entities with one of these annotations: org.springframework.data.mongodb.core.mapping.Document (preferred), or consider extending one of the following types with your repository: org.springframework.data.mongodb.repository.MongoRepository"
                }{
                "correlationId": "",
                "timestamp": "2026-03-28T20:11:09.831",
                "level": "INFO",
                "thread": "main",
                "logger": "org.springframework.data.repository.config.RepositoryConfigurationExtensionSupport",
                "message": "Spring Data MongoDB - Could not safely identify store assignment for repository candidate interface co.edu.uco.infrastructure.adapter.secondary.repository.redis.RedisRepositoryAdapter; If you want this repository to be a MongoDB repository, consider annotating your entities with one of these annotations: org.springframework.data.mongodb.core.mapping.Document (preferred), or consider extending one of the following types with your repository: org.springframework.data.mongodb.repository.MongoRepository"
                }{
                "correlationId": "",
                "timestamp": "2026-03-28T20:11:09.836",
                "level": "INFO",
                "thread": "main",
                "logger": "org.springframework.data.repository.config.RepositoryConfigurationDelegate",
                "message": "Finished Spring Data repository scanning in 10 ms. Found 4 MongoDB repository interfaces."
                }{
                "correlationId": "",
                "timestamp": "2026-03-28T20:11:11.345",
                "level": "INFO",
                "thread": "main",
                "logger": "org.springframework.boot.web.embedded.tomcat.TomcatWebServer",
                "message": "Tomcat initialized with port 8085 (http)"
                }{
                "correlationId": "",
                "timestamp": "2026-03-28T20:11:11.357",
                "level": "INFO",
                "thread": "main",
                "logger": "org.apache.coyote.http11.Http11NioProtocol",
                "message": "Initializing ProtocolHandler ["http-nio-8085"]"
                }{
                "correlationId": "",
                "timestamp": "2026-03-28T20:11:11.359",
                "level": "INFO",
                "thread": "main",
                "logger": "org.apache.catalina.core.StandardService",
                "message": "Starting service [Tomcat]"
                }{
                "correlationId": "",
                "timestamp": "2026-03-28T20:11:11.360",
                "level": "INFO",
                "thread": "main",
                "logger": "org.apache.catalina.core.StandardEngine",
                "message": "Starting Servlet engine: [Apache Tomcat/10.1.20]"
                }{
                "correlationId": "",
                "timestamp": "2026-03-28T20:11:11.404",
                "level": "INFO",
                "thread": "main",
                "logger": "org.apache.catalina.core.ContainerBase.[Tomcat].[localhost].[/]",
                "message": "Initializing Spring embedded WebApplicationContext"
                }{
                "correlationId": "",
                "timestamp": "2026-03-28T20:11:11.405",
                "level": "INFO",
                "thread": "main",
                "logger": "org.springframework.boot.web.servlet.context.ServletWebServerApplicationContext",
                "message": "Root WebApplicationContext: initialization completed in 2532 ms"
                }{
                "correlationId": "",
                "timestamp": "2026-03-28T20:11:11.704",
                "level": "INFO",
                "thread": "main",
                "logger": "org.hibernate.jpa.internal.util.LogHelper",
                "message": "HHH000204: Processing PersistenceUnitInfo [name: default]"
                }{
                "correlationId": "",
                "timestamp": "2026-03-28T20:11:11.805",
                "level": "INFO",
                "thread": "main",
                "logger": "org.hibernate.Version",
                "message": "HHH000412: Hibernate ORM core version 6.4.4.Final"
                }{
                "correlationId": "",
                "timestamp": "2026-03-28T20:11:11.870",
                "level": "INFO",
                "thread": "main",
                "logger": "org.hibernate.cache.internal.RegionFactoryInitiator",
                "message": "HHH000026: Second-level cache disabled"
                }{
                "correlationId": "",
                "timestamp": "2026-03-28T20:11:12.290",
                "level": "INFO",
                "thread": "main",
                "logger": "org.springframework.orm.jpa.persistenceunit.SpringPersistenceUnitInfo",
                "message": "No LoadTimeWeaver setup: ignoring JPA class transformer"
                }{
                "correlationId": "",
                "timestamp": "2026-03-28T20:11:12.500",
                "level": "WARN",
                "thread": "main",
                "logger": "org.hibernate.orm.deprecation",
                "message": "HHH90000025: PostgreSQLDialect does not need to be specified explicitly using 'hibernate.dialect' (remove the property setting and it will be selected by default)"
                }{
                "correlationId": "",
                "timestamp": "2026-03-28T20:11:13.229",
                "level": "INFO",
                "thread": "main",
                "logger": "org.hibernate.engine.transaction.jta.platform.internal.JtaPlatformInitiator",
                "message": "HHH000489: No JTA platform available (set 'hibernate.transaction.jta.platform' to enable JTA platform integration)"
                }{
                "correlationId": "",
                "timestamp": "2026-03-28T20:11:13.233",
                "level": "INFO",
                "thread": "main",
                "logger": "org.springframework.orm.jpa.LocalContainerEntityManagerFactoryBean",
                "message": "Initialized JPA EntityManagerFactory for persistence unit 'default'"
                }{
                "correlationId": "",
                "timestamp": "2026-03-28T20:11:15.248",
                "level": "WARN",
                "thread": "main",
                "logger": "org.springframework.boot.autoconfigure.orm.jpa.JpaBaseConfiguration$JpaWebConfiguration",
                "message": "spring.jpa.open-in-view is enabled by default. Therefore, database queries may be performed during view rendering. Explicitly configure spring.jpa.open-in-view to disable this warning"
                }{
                "correlationId": "",
                "timestamp": "2026-03-28T20:11:16.047",
                "level": "INFO",
                "thread": "main",
                "logger": "org.springframework.boot.actuate.endpoint.web.EndpointLinksResolver",
                "message": "Exposing 3 endpoint(s) beneath base path '/actuator'"
                }{
                "correlationId": "",
                "timestamp": "2026-03-28T20:11:16.097",
                "level": "INFO",
                "thread": "main",
                "logger": "org.apache.coyote.http11.Http11NioProtocol",
                "message": "Starting ProtocolHandler ["http-nio-8085"]"
                }{
                "correlationId": "",
                "timestamp": "2026-03-28T20:11:16.111",
                "level": "INFO",
                "thread": "main",
                "logger": "org.springframework.boot.web.embedded.tomcat.TomcatWebServer",
                "message": "Tomcat started on port 8085 (http) with context path ''"
                }{
                "correlationId": "",
                "timestamp": "2026-03-28T20:11:16.125",
                "level": "INFO",
                "thread": "main",
                "logger": "co.edu.uco.infrastructure.init.CrossWordApplication",
                "message": "Started CrossWordApplication in 19.57 seconds (process running for 21.939)"
                }{
                "correlationId": "",
                "timestamp": "2026-03-28T20:11:18.039",
                "level": "INFO",
                "thread": "http-nio-8085-exec-1",
                "logger": "org.apache.catalina.core.ContainerBase.[Tomcat].[localhost].[/]",
                "message": "Initializing Spring DispatcherServlet 'dispatcherServlet'"
                }{
                "correlationId": "",
                "timestamp": "2026-03-28T20:11:18.040",
                "level": "INFO",
                "thread": "http-nio-8085-exec-1",
                "logger": "org.springframework.web.servlet.DispatcherServlet",
                "message": "Initializing Servlet 'dispatcherServlet'"
                }{
                "correlationId": "",
                "timestamp": "2026-03-28T20:11:18.041",
                "level": "INFO",
                "thread": "http-nio-8085-exec-1",
                "logger": "org.springframework.web.servlet.DispatcherServlet",
                "message": "Completed initialization in 1 ms"
                }{
                "correlationId": "1238d0ba-56c5-40cb-a20c-6edbbe769889",
                "timestamp": "2026-03-28T20:12:41.321",
                "level": "INFO",
                "thread": "http-nio-8085-exec-2",
                "logger": "co.edu.uco.infrastructure.adapter.secondary.presenter.rest.HttpPresenterAdapter",
                "message": "The successful response is: {"data":["I50RM/w1aUii9R0TUp6O2cJll7HgQGqD+QwrdOfJf4yJLqACGYbdYqWrmIaMTfhXMkXuRzJC+yXvFILC02QdDBwGqhRCS3qNGqf2CkmXQsRDAE4cryQTzbD7bjkeQZZz0xi5++94pX2CPQ6geTvCRywifWdmaxTUo53+JVLIoGzPLn7bL/HETzYEXuMVLv9QQczNHJrUy2VHhBnxtv4ur9GJdIlmr0sAHGtebiq/e3kcbQoKPmn77wXayDy8tE8wLzUKov3GVdZdwsyZ2sHiztvrSc4ysZjP25CRmhpJClYHGD3bBS1Elv15aWlxbrJI9dEU/V628Uh5fu04xd/m9A=="],"errors":[]}"
                }{
                "correlationId": "e3375d92-dcdc-4bba-86b8-03d4f94fe85d",
                "timestamp": "2026-03-28T20:18:07.231",
                "level": "INFO",
                "thread": "http-nio-8085-exec-6",
                "logger": "co.edu.uco.infrastructure.adapter.secondary.presenter.rest.HttpPresenterAdapter",
                "message": "The successful response is: {"data":["EdrVbc2okQytNNGTRo2hlVslIY1Ryq3/BXHLzu10NVZztLlJfcqcRRVhE8Aw2L8ZZzZyfAfMfbQODGJHyTnmAMTTOFi+Iy+F5g5LWlB8VdT7m9/cN/ucsPwz97Mw4hMGWKeEXNKWltQxib57bqYSPTeBZdiO2GIUrzpcIQcRW/TleyG3kUZk0zFM5pLG5kVfUkWCmioxxaGrF5U9ulw8V4VMU2QU4rHqGEc05jfbX+eEmpgDqrXjGq5yCPAyYXn7QdxD9CLqI1832SPrUcd94Xk6/fnd+SAats00QVV5RZu1lRA5u9rG+/Km2T7wHF3Wkvx8ciuD1jS368GB6YCoGw=="],"errors":[]}"
                }{
                "correlationId": "80d71308-8230-410c-b79e-0a4bc501b406",
                "timestamp": "2026-03-28T20:19:42.641",
                "level": "ERROR",
                "thread": "http-nio-8085-exec-4",
                "logger": "co.edu.uco.infrastructure.adapter.secondary.presenter.rest.HttpPresenterAdapter",
                "message": "The error response is: {"data":[],"errors":["The token is not found"]}"
                }{
                "correlationId": "622b39da-2e97-416a-8cc0-854eed538237",
                "timestamp": "2026-03-28T20:19:51.184",
                "level": "INFO",
                "thread": "http-nio-8085-exec-7",
                "logger": "co.edu.uco.infrastructure.adapter.secondary.presenter.rest.HttpPresenterAdapter",
                "message": "The successful response is: {"data":["a/3+D/6MsW7aSV52YJtHNbF1Zz7o9/iy8MR87A8XkRgE7fCeVee3zPPY2eO6l3oj/4SvM8qL5hb29gFJEx2vqm1ISXBrPMcOLbIZG92YlyeKN/c8UX8GTCZiQp4TMJl3t1FRU8ojsEd/sQQs/7UHLAkF3dFOo2s4SFQl6jE+/TUvWG6leU9P2Bu5UgROC2Hd0oAnb0d+/21bTnuad18DigVsXSJWE0XUdTiBkUB96XD2ysQrH5HdTq1qxu1Yr3mIV0+8iCcAMpkoHlEM6RyORbkfETjaFHGOKlzgrfyQ46TQVj/q9og/OdC2N4eSlq++gMQynvZN+Jp5Er4Wi/zAYg=="],"errors":[]}"
                }{
                "correlationId": "fecfb2f3-4eca-4b4b-a595-79b847fb4716",
                "timestamp": "2026-03-28T20:20:24.659",
                "level": "INFO",
                "thread": "http-nio-8085-exec-3",
                "logger": "co.edu.uco.core.application.catalog.strategy.MessageCatalogStrategy",
                "message": "Messages were found in cache, proceed to return."
                }{
                "correlationId": "fecfb2f3-4eca-4b4b-a595-79b847fb4716",
                "timestamp": "2026-03-28T20:20:24.662",
                "level": "INFO",
                "thread": "http-nio-8085-exec-3",
                "logger": "co.edu.uco.infrastructure.adapter.secondary.presenter.rest.HttpPresenterAdapter",
                "message": "The successful response is: {"data":[{"code":"MSG_001","title":"Mensaje de prueba","content":"Este es un mensaje de prueba","type":"","category":"","application":"TestApp","functionality":""}],"errors":[]}"
                }{
                "correlationId": "06504902-3e65-46e9-ab09-79662999525b",
                "timestamp": "2026-03-28T20:23:27.881",
                "level": "INFO",
                "thread": "http-nio-8085-exec-6",
                "logger": "co.edu.uco.core.application.catalog.strategy.MessageCatalogStrategy",
                "message": "Messages were found in cache, proceed to return."
                }{
                "correlationId": "06504902-3e65-46e9-ab09-79662999525b",
                "timestamp": "2026-03-28T20:23:27.885",
                "level": "INFO",
                "thread": "http-nio-8085-exec-6",
                "logger": "co.edu.uco.infrastructure.adapter.secondary.presenter.rest.HttpPresenterAdapter",
                "message": "The successful response is: {"data":[{"code":"MSG_001","title":"Mensaje de prueba","content":"Este es un mensaje de prueba","type":"","category":"","application":"TestApp","functionality":""}],"errors":[]}"
                }{
                "correlationId": "229c0eb1-aa2f-44cb-b37d-93719ec5d36c",
                "timestamp": "2026-03-28T20:24:31.956",
                "level": "INFO",
                "thread": "http-nio-8085-exec-9",
                "logger": "org.springdoc.api.AbstractOpenApiResource",
                "message": "Init duration for springdoc-openapi is: 448 ms"
                }{
                "correlationId": "4dacdecf-d44b-4e93-97c1-f634d488f1ac",
                "timestamp": "2026-03-28T20:24:59.448",
                "level": "INFO",
                "thread": "http-nio-8085-exec-1",
                "logger": "co.edu.uco.core.application.catalog.strategy.MessageCatalogStrategy",
                "message": "Messages were found in cache, proceed to return."
                }{
                "correlationId": "4dacdecf-d44b-4e93-97c1-f634d488f1ac",
                "timestamp": "2026-03-28T20:24:59.453",
                "level": "INFO",
                "thread": "http-nio-8085-exec-1",
                "logger": "co.edu.uco.infrastructure.adapter.secondary.presenter.rest.HttpPresenterAdapter",
                "message": "The successful response is: {"data":[{"data":[{"code":"MSG_001","title":"Mensaje de prueba","content":"Este es un mensaje de prueba","type":"","category":"","application":"TestApp","functionality":""}],"page":1,"size":10,"totalItems":1,"totalPages":1}],"errors":[]}"
                }{
                "correlationId": "931fec13-c0c5-49ca-8102-311f17839e1f",
                "timestamp": "2026-03-28T20:25:18.925",
                "level": "INFO",
                "thread": "http-nio-8085-exec-9",
                "logger": "co.edu.uco.core.application.catalog.strategy.MessageCatalogStrategy",
                "message": "Messages were found in cache, proceed to return."
                }{
                "correlationId": "931fec13-c0c5-49ca-8102-311f17839e1f",
                "timestamp": "2026-03-28T20:25:18.928",
                "level": "INFO",
                "thread": "http-nio-8085-exec-9",
                "logger": "co.edu.uco.infrastructure.adapter.secondary.presenter.rest.HttpPresenterAdapter",
                "message": "The successful response is: {"data":[{"code":"MSG_001","title":"Mensaje de prueba","content":"Este es un mensaje de prueba","type":"","category":"","application":"TestApp","functionality":""}],"errors":[]}"
                }{
                "correlationId": "eb1f70a2-4836-4d40-bcdf-7e40be6f3e32",
                "timestamp": "2026-03-28T20:25:28.034",
                "level": "INFO",
                "thread": "http-nio-8085-exec-3",
                "logger": "co.edu.uco.core.application.catalog.strategy.MessageCatalogStrategy",
                "message": "Messages were found in cache, proceed to return."
                }{
                "correlationId": "eb1f70a2-4836-4d40-bcdf-7e40be6f3e32",
                "timestamp": "2026-03-28T20:25:28.037",
                "level": "INFO",
                "thread": "http-nio-8085-exec-3",
                "logger": "co.edu.uco.infrastructure.adapter.secondary.presenter.rest.HttpPresenterAdapter",
                "message": "The successful response is: {"data":[{"data":[{"code":"MSG_001","title":"Mensaje de prueba","content":"Este es un mensaje de prueba","type":"","category":"","application":"TestApp","functionality":""}],"page":1,"size":10,"totalItems":1,"totalPages":1}],"errors":[]}"
                }{
                "correlationId": "0d006d22-b86e-426b-9ba1-f3b8ce61af94",
                "timestamp": "2026-03-28T20:25:31.804",
                "level": "INFO",
                "thread": "http-nio-8085-exec-5",
                "logger": "co.edu.uco.core.application.catalog.strategy.MessageCatalogStrategy",
                "message": "Messages were found in cache, proceed to return."
                }{
                "correlationId": "0d006d22-b86e-426b-9ba1-f3b8ce61af94",
                "timestamp": "2026-03-28T20:25:31.808",
                "level": "INFO",
                "thread": "http-nio-8085-exec-5",
                "logger": "co.edu.uco.infrastructure.adapter.secondary.presenter.rest.HttpPresenterAdapter",
                "message": "The successful response is: {"data":[{"code":"MSG_001","title":"Mensaje de prueba","content":"Este es un mensaje de prueba","type":"","category":"","application":"TestApp","functionality":""}],"errors":[]}"
                }{
                "correlationId": "37b684af-6603-45dc-ac13-0ba3fbe257f5",
                "timestamp": "2026-03-28T20:26:08.588",
                "level": "INFO",
                "thread": "http-nio-8085-exec-5",
                "logger": "co.edu.uco.core.application.catalog.strategy.MessageCatalogStrategy",
                "message": "Messages were found in cache, proceed to return."
                }{
                "correlationId": "37b684af-6603-45dc-ac13-0ba3fbe257f5",
                "timestamp": "2026-03-28T20:26:08.590",
                "level": "INFO",
                "thread": "http-nio-8085-exec-5",
                "logger": "co.edu.uco.infrastructure.adapter.secondary.presenter.rest.HttpPresenterAdapter",
                "message": "The successful response is: {"data":[{"data":[{"code":"MSG_001","title":"Mensaje de prueba","content":"Este es un mensaje de prueba","type":"","category":"","application":"TestApp","functionality":""}],"page":1,"size":10,"totalItems":1,"totalPages":1}],"errors":[]}"
                }{
                "correlationId": "14dd4e73-cfa0-4a0d-85d7-4ba887dbe657",
                "timestamp": "2026-03-28T20:26:37.858",
                "level": "INFO",
                "thread": "http-nio-8085-exec-10",
                "logger": "co.edu.uco.core.application.catalog.strategy.MessageCatalogStrategy",
                "message": "Messages were found in cache, proceed to return."
                }{
                "correlationId": "14dd4e73-cfa0-4a0d-85d7-4ba887dbe657",
                "timestamp": "2026-03-28T20:26:37.861",
                "level": "INFO",
                "thread": "http-nio-8085-exec-10",
                "logger": "co.edu.uco.infrastructure.adapter.secondary.presenter.rest.HttpPresenterAdapter",
                "message": "The successful response is: {"data":[{"data":[{"code":"MSG_001","title":"Mensaje de prueba","content":"Este es un mensaje de prueba","type":"","category":"","application":"TestApp","functionality":""}],"page":1,"size":10,"totalItems":1,"totalPages":1}],"errors":[]}"
                }{
                "correlationId": "f41e5daa-ad73-4849-8915-0a02e6f02bc5",
                "timestamp": "2026-03-28T20:26:53.194",
                "level": "INFO",
                "thread": "http-nio-8085-exec-5",
                "logger": "co.edu.uco.core.application.catalog.strategy.MessageCatalogStrategy",
                "message": "Messages were found in cache, proceed to return."
                }{
                "correlationId": "f41e5daa-ad73-4849-8915-0a02e6f02bc5",
                "timestamp": "2026-03-28T20:26:53.196",
                "level": "INFO",
                "thread": "http-nio-8085-exec-5",
                "logger": "co.edu.uco.infrastructure.adapter.secondary.presenter.rest.HttpPresenterAdapter",
                "message": "The successful response is: {"data":[{"data":[{"code":"MSG_001","title":"Mensaje de prueba","content":"Este es un mensaje de prueba","type":"","category":"","application":"TestApp","functionality":""}],"page":1,"size":10,"totalItems":1,"totalPages":1}],"errors":[]}"
                }{
                "correlationId": "7bce8adc-894f-4378-bd19-a88bdb3b313c",
                "timestamp": "2026-03-28T20:27:00.512",
                "level": "INFO",
                "thread": "http-nio-8085-exec-9",
                "logger": "co.edu.uco.core.application.catalog.strategy.MessageCatalogStrategy",
                "message": "Messages were found in cache, proceed to return."
                }{
                "correlationId": "7bce8adc-894f-4378-bd19-a88bdb3b313c",
                "timestamp": "2026-03-28T20:27:00.514",
                "level": "INFO",
                "thread": "http-nio-8085-exec-9",
                "logger": "co.edu.uco.infrastructure.adapter.secondary.presenter.rest.HttpPresenterAdapter",
                "message": "The successful response is: {"data":[{"code":"MSG_001","title":"Mensaje de prueba","content":"Este es un mensaje de prueba","type":"","category":"","application":"TestApp","functionality":""}],"errors":[]}"
                }{
                "correlationId": "c2513eab-ad76-4ce9-8555-75722aca27e1",
                "timestamp": "2026-03-28T20:28:15.612",
                "level": "INFO",
                "thread": "http-nio-8085-exec-1",
                "logger": "co.edu.uco.core.application.catalog.strategy.MessageCatalogStrategy",
                "message": "Messages were found in cache, proceed to return."
                }{
                "correlationId": "c2513eab-ad76-4ce9-8555-75722aca27e1",
                "timestamp": "2026-03-28T20:28:15.616",
                "level": "INFO",
                "thread": "http-nio-8085-exec-1",
                "logger": "co.edu.uco.infrastructure.adapter.secondary.presenter.rest.HttpPresenterAdapter",
                "message": "The successful response is: {"data":[{"data":[{"code":"MSG_001","title":"Mensaje de prueba","content":"Este es un mensaje de prueba","type":"","category":"","application":"TestApp","functionality":""}],"page":1,"size":10,"totalItems":1,"totalPages":1}],"errors":[]}"
                }{
                "correlationId": "9b7ac1fe-93ee-4e15-9024-d6eb9adb681a",
                "timestamp": "2026-03-28T20:28:18.642",
                "level": "INFO",
                "thread": "http-nio-8085-exec-4",
                "logger": "co.edu.uco.core.application.catalog.strategy.MessageCatalogStrategy",
                "message": "Messages were found in cache, proceed to return."
                }{
                "correlationId": "9b7ac1fe-93ee-4e15-9024-d6eb9adb681a",
                "timestamp": "2026-03-28T20:28:18.647",
                "level": "INFO",
                "thread": "http-nio-8085-exec-4",
                "logger": "co.edu.uco.infrastructure.adapter.secondary.presenter.rest.HttpPresenterAdapter",
                "message": "The successful response is: {"data":[{"code":"MSG_001","title":"Mensaje de prueba","content":"Este es un mensaje de prueba","type":"","category":"","application":"TestApp","functionality":""}],"errors":[]}"
                }{
                "correlationId": "32627e29-5f13-4e75-aabf-9d689638e6b2",
                "timestamp": "2026-03-28T20:47:58.605",
                "level": "ERROR",
                "thread": "http-nio-8085-exec-1",
                "logger": "co.edu.uco.infrastructure.adapter.primary.interceptors.AcceptHeaderInterceptor",
                "message": "Media type is not supported {"data":[],"errors":["The media type image/avif,image/webp,image/apng,image/svg+xml,image/*,*/*;q=0.8 is not supported by the system"]}"
                }{
                "correlationId": "7a74800b-c4b3-4a00-a085-eeace4728614",
                "timestamp": "2026-03-28T23:11:58.381",
                "level": "INFO",
                "thread": "http-nio-8085-exec-8",
                "logger": "co.edu.uco.core.application.catalog.strategy.MessageCatalogStrategy",
                "message": "Messages were found in cache, proceed to return."
                }{
                "correlationId": "7a74800b-c4b3-4a00-a085-eeace4728614",
                "timestamp": "2026-03-28T23:11:58.428",
                "level": "INFO",
                "thread": "http-nio-8085-exec-8",
                "logger": "co.edu.uco.infrastructure.adapter.secondary.presenter.rest.HttpPresenterAdapter",
                "message": "The successful response is: {"data":[{"data":[{"code":"MSG_001","title":"Mensaje de prueba","content":"Este es un mensaje de prueba","type":"","category":"","application":"TestApp","functionality":""}],"page":1,"size":10,"totalItems":1,"totalPages":1}],"errors":[]}"
                }{
                "correlationId": "439735bf-44c3-40ec-a6da-738561dd4991",
                "timestamp": "2026-03-28T23:12:45.169",
                "level": "INFO",
                "thread": "http-nio-8085-exec-7",
                "logger": "co.edu.uco.core.application.catalog.strategy.MessageCatalogStrategy",
                "message": "The message was not found in cache, we proceed to search in database"
                }{
                "correlationId": "439735bf-44c3-40ec-a6da-738561dd4991",
                "timestamp": "2026-03-28T23:12:45.205",
                "level": "ERROR",
                "thread": "http-nio-8085-exec-7",
                "logger": "co.edu.uco.infrastructure.adapter.secondary.presenter.rest.HttpPresenterAdapter",
                "message": "The error response is: {"data":[],"errors":["There is no message with the code MSG_002 for the application 8f06d94f-10f5-41f1-a53e-01bb8bfd1a38"]}"
                }{
                "correlationId": "fedaeced-2f0e-48a4-8d1a-4678665d411a",
                "timestamp": "2026-03-28T23:25:02.440",
                "level": "INFO",
                "thread": "http-nio-8085-exec-4",
                "logger": "co.edu.uco.core.application.catalog.strategy.MessageCatalogStrategy",
                "message": "Messages were found in cache, proceed to return."
                }{
                "correlationId": "fedaeced-2f0e-48a4-8d1a-4678665d411a",
                "timestamp": "2026-03-28T23:25:02.444",
                "level": "INFO",
                "thread": "http-nio-8085-exec-4",
                "logger": "co.edu.uco.infrastructure.adapter.secondary.presenter.rest.HttpPresenterAdapter",
                "message": "The successful response is: {"data":[{"code":"MSG_001","title":"Mensaje de prueba","content":"Este es un mensaje de prueba","type":"","category":"","application":"TestApp","functionality":""}],"errors":[]}"
                }{
                "correlationId": "cf587d88-483b-4ae5-a3d7-ecdaacdac1c8",
                "timestamp": "2026-03-28T23:30:22.658",
                "level": "INFO",
                "thread": "http-nio-8085-exec-4",
                "logger": "co.edu.uco.core.application.catalog.strategy.MessageCatalogStrategy",
                "message": "The message was not found in cache, we proceed to search in database"
                }{
                "correlationId": "cf587d88-483b-4ae5-a3d7-ecdaacdac1c8",
                "timestamp": "2026-03-28T23:30:22.665",
                "level": "ERROR",
                "thread": "http-nio-8085-exec-4",
                "logger": "co.edu.uco.infrastructure.adapter.secondary.presenter.rest.HttpPresenterAdapter",
                "message": "The error response is: {"data":[],"errors":["There is no message with the code MSG_002 for the application 8f06d94f-10f5-41f1-a53e-01bb8bfd1a38"]}"
                }{
                "correlationId": "d4810d8f-98ca-46d0-9b5b-b8ade181e997",
                "timestamp": "2026-03-28T23:32:24.955",
                "level": "INFO",
                "thread": "http-nio-8085-exec-3",
                "logger": "co.edu.uco.core.application.catalog.strategy.MessageCatalogStrategy",
                "message": "The message was not found in cache, we proceed to search in database"
                }{
                "correlationId": "d4810d8f-98ca-46d0-9b5b-b8ade181e997",
                "timestamp": "2026-03-28T23:32:25.253",
                "level": "INFO",
                "thread": "http-nio-8085-exec-3",
                "logger": "co.edu.uco.infrastructure.adapter.secondary.presenter.rest.HttpPresenterAdapter",
                "message": "The successful response is: {"data":[{"code":"MSG_002","title":"Mensaje de prueba","content":"Este es un mensaje de prueba","type":"","category":"","application":"TestApp","functionality":""}],"errors":[]}"
                }{
                "correlationId": "908fb241-a863-4f04-b972-b5248cb853f8",
                "timestamp": "2026-03-28T23:33:22.237",
                "level": "INFO",
                "thread": "http-nio-8085-exec-5",
                "logger": "co.edu.uco.core.application.catalog.strategy.MessageCatalogStrategy",
                "message": "Messages were found in cache, proceed to return."
                }{
                "correlationId": "908fb241-a863-4f04-b972-b5248cb853f8",
                "timestamp": "2026-03-28T23:33:22.241",
                "level": "INFO",
                "thread": "http-nio-8085-exec-5",
                "logger": "co.edu.uco.infrastructure.adapter.secondary.presenter.rest.HttpPresenterAdapter",
                "message": "The successful response is: {"data":[{"data":[{"code":"MSG_001","title":"Mensaje de prueba","content":"Este es un mensaje de prueba","type":"","category":"","application":"TestApp","functionality":""},{"code":"MSG_002","title":"Mensaje de prueba","content":"Este es un mensaje de prueba","type":"","category":"","application":"TestApp","functionality":""}],"page":1,"size":10,"totalItems":2,"totalPages":1}],"errors":[]}"
                }