{
                "correlationId": "",
                "timestamp": "2026-03-24T01:11:00.697",
                "level": "INFO",
                "thread": "main",
                "logger": "co.edu.uco.infrastructure.init.CrossWordApplication",
                "message": "Starting CrossWordApplication v0.0.1-SNAPSHOT using Java 17.0.18 with PID 7 (/app/app.jar started by root in /app)"
                }{
                "correlationId": "",
                "timestamp": "2026-03-24T01:11:00.708",
                "level": "INFO",
                "thread": "main",
                "logger": "co.edu.uco.infrastructure.init.CrossWordApplication",
                "message": "No active profile set, falling back to 1 default profile: "default""
                }{
                "correlationId": "",
                "timestamp": "2026-03-24T01:11:01.739",
                "level": "INFO",
                "thread": "main",
                "logger": "org.springframework.data.repository.config.RepositoryConfigurationDelegate",
                "message": "Multiple Spring Data modules found, entering strict repository configuration mode"
                }{
                "correlationId": "",
                "timestamp": "2026-03-24T01:11:01.740",
                "level": "INFO",
                "thread": "main",
                "logger": "org.springframework.data.repository.config.RepositoryConfigurationDelegate",
                "message": "Bootstrapping Spring Data Redis repositories in DEFAULT mode."
                }{
                "correlationId": "",
                "timestamp": "2026-03-24T01:11:01.786",
                "level": "INFO",
                "thread": "main",
                "logger": "org.springframework.data.repository.config.RepositoryConfigurationExtensionSupport",
                "message": "Spring Data Redis - Could not safely identify store assignment for repository candidate interface co.edu.uco.infrastructure.adapter.secondary.repository.mongo.EnvironmentRepositoryAdapter; If you want this repository to be a Redis repository, consider annotating your entities with one of these annotations: org.springframework.data.redis.core.RedisHash (preferred), or consider extending one of the following types with your repository: org.springframework.data.keyvalue.repository.KeyValueRepository"
                }{
                "correlationId": "",
                "timestamp": "2026-03-24T01:11:01.788",
                "level": "INFO",
                "thread": "main",
                "logger": "org.springframework.data.repository.config.RepositoryConfigurationExtensionSupport",
                "message": "Spring Data Redis - Could not safely identify store assignment for repository candidate interface co.edu.uco.infrastructure.adapter.secondary.repository.mongo.TokenStateMongoRepositoryAdapter; If you want this repository to be a Redis repository, consider annotating your entities with one of these annotations: org.springframework.data.redis.core.RedisHash (preferred), or consider extending one of the following types with your repository: org.springframework.data.keyvalue.repository.KeyValueRepository"
                }{
                "correlationId": "",
                "timestamp": "2026-03-24T01:11:01.789",
                "level": "INFO",
                "thread": "main",
                "logger": "org.springframework.data.repository.config.RepositoryConfigurationExtensionSupport",
                "message": "Spring Data Redis - Could not safely identify store assignment for repository candidate interface co.edu.uco.infrastructure.adapter.secondary.repository.mongo.TokenMongoRepositoryAdapter; If you want this repository to be a Redis repository, consider annotating your entities with one of these annotations: org.springframework.data.redis.core.RedisHash (preferred), or consider extending one of the following types with your repository: org.springframework.data.keyvalue.repository.KeyValueRepository"
                }{
                "correlationId": "",
                "timestamp": "2026-03-24T01:11:01.790",
                "level": "INFO",
                "thread": "main",
                "logger": "org.springframework.data.repository.config.RepositoryConfigurationExtensionSupport",
                "message": "Spring Data Redis - Could not safely identify store assignment for repository candidate interface co.edu.uco.infrastructure.adapter.secondary.repository.mongo.EnvironmentMongoRepositoryAdapter; If you want this repository to be a Redis repository, consider annotating your entities with one of these annotations: org.springframework.data.redis.core.RedisHash (preferred), or consider extending one of the following types with your repository: org.springframework.data.keyvalue.repository.KeyValueRepository"
                }{
                "correlationId": "",
                "timestamp": "2026-03-24T01:11:01.792",
                "level": "INFO",
                "thread": "main",
                "logger": "org.springframework.data.repository.config.RepositoryConfigurationExtensionSupport",
                "message": "Spring Data Redis - Could not safely identify store assignment for repository candidate interface co.edu.uco.infrastructure.adapter.secondary.repository.postgresql.TokenPostgresSQLRepositoryAdapter; If you want this repository to be a Redis repository, consider annotating your entities with one of these annotations: org.springframework.data.redis.core.RedisHash (preferred), or consider extending one of the following types with your repository: org.springframework.data.keyvalue.repository.KeyValueRepository"
                }{
                "correlationId": "",
                "timestamp": "2026-03-24T01:11:01.837",
                "level": "INFO",
                "thread": "main",
                "logger": "org.springframework.data.repository.config.RepositoryConfigurationDelegate",
                "message": "Finished Spring Data repository scanning in 75 ms. Found 1 Redis repository interface."
                }{
                "correlationId": "",
                "timestamp": "2026-03-24T01:11:01.841",
                "level": "INFO",
                "thread": "main",
                "logger": "org.springframework.data.repository.config.RepositoryConfigurationDelegate",
                "message": "Multiple Spring Data modules found, entering strict repository configuration mode"
                }{
                "correlationId": "",
                "timestamp": "2026-03-24T01:11:01.842",
                "level": "INFO",
                "thread": "main",
                "logger": "org.springframework.data.repository.config.RepositoryConfigurationDelegate",
                "message": "Bootstrapping Spring Data JPA repositories in DEFAULT mode."
                }{
                "correlationId": "",
                "timestamp": "2026-03-24T01:11:01.853",
                "level": "INFO",
                "thread": "main",
                "logger": "org.springframework.data.repository.config.RepositoryConfigurationDelegate",
                "message": "Finished Spring Data repository scanning in 8 ms. Found 1 JPA repository interface."
                }{
                "correlationId": "",
                "timestamp": "2026-03-24T01:11:01.856",
                "level": "INFO",
                "thread": "main",
                "logger": "org.springframework.data.repository.config.RepositoryConfigurationDelegate",
                "message": "Multiple Spring Data modules found, entering strict repository configuration mode"
                }{
                "correlationId": "",
                "timestamp": "2026-03-24T01:11:01.857",
                "level": "INFO",
                "thread": "main",
                "logger": "org.springframework.data.repository.config.RepositoryConfigurationDelegate",
                "message": "Bootstrapping Spring Data MongoDB repositories in DEFAULT mode."
                }{
                "correlationId": "",
                "timestamp": "2026-03-24T01:11:01.862",
                "level": "INFO",
                "thread": "main",
                "logger": "org.springframework.data.repository.config.RepositoryConfigurationExtensionSupport",
                "message": "Spring Data MongoDB - Could not safely identify store assignment for repository candidate interface co.edu.uco.infrastructure.adapter.secondary.repository.postgresql.TokenPostgresSQLRepositoryAdapter; If you want this repository to be a MongoDB repository, consider annotating your entities with one of these annotations: org.springframework.data.mongodb.core.mapping.Document (preferred), or consider extending one of the following types with your repository: org.springframework.data.mongodb.repository.MongoRepository"
                }{
                "correlationId": "",
                "timestamp": "2026-03-24T01:11:01.862",
                "level": "INFO",
                "thread": "main",
                "logger": "org.springframework.data.repository.config.RepositoryConfigurationExtensionSupport",
                "message": "Spring Data MongoDB - Could not safely identify store assignment for repository candidate interface co.edu.uco.infrastructure.adapter.secondary.repository.redis.RedisRepositoryAdapter; If you want this repository to be a MongoDB repository, consider annotating your entities with one of these annotations: org.springframework.data.mongodb.core.mapping.Document (preferred), or consider extending one of the following types with your repository: org.springframework.data.mongodb.repository.MongoRepository"
                }{
                "correlationId": "",
                "timestamp": "2026-03-24T01:11:01.868",
                "level": "INFO",
                "thread": "main",
                "logger": "org.springframework.data.repository.config.RepositoryConfigurationDelegate",
                "message": "Finished Spring Data repository scanning in 10 ms. Found 4 MongoDB repository interfaces."
                }{
                "correlationId": "",
                "timestamp": "2026-03-24T01:11:03.394",
                "level": "INFO",
                "thread": "main",
                "logger": "org.springframework.boot.web.embedded.tomcat.TomcatWebServer",
                "message": "Tomcat initialized with port 8085 (http)"
                }{
                "correlationId": "",
                "timestamp": "2026-03-24T01:11:03.407",
                "level": "INFO",
                "thread": "main",
                "logger": "org.apache.coyote.http11.Http11NioProtocol",
                "message": "Initializing ProtocolHandler ["http-nio-8085"]"
                }{
                "correlationId": "",
                "timestamp": "2026-03-24T01:11:03.409",
                "level": "INFO",
                "thread": "main",
                "logger": "org.apache.catalina.core.StandardService",
                "message": "Starting service [Tomcat]"
                }{
                "correlationId": "",
                "timestamp": "2026-03-24T01:11:03.410",
                "level": "INFO",
                "thread": "main",
                "logger": "org.apache.catalina.core.StandardEngine",
                "message": "Starting Servlet engine: [Apache Tomcat/10.1.20]"
                }{
                "correlationId": "",
                "timestamp": "2026-03-24T01:11:03.448",
                "level": "INFO",
                "thread": "main",
                "logger": "org.apache.catalina.core.ContainerBase.[Tomcat].[localhost].[/]",
                "message": "Initializing Spring embedded WebApplicationContext"
                }{
                "correlationId": "",
                "timestamp": "2026-03-24T01:11:03.449",
                "level": "INFO",
                "thread": "main",
                "logger": "org.springframework.boot.web.servlet.context.ServletWebServerApplicationContext",
                "message": "Root WebApplicationContext: initialization completed in 2693 ms"
                }{
                "correlationId": "",
                "timestamp": "2026-03-24T01:11:03.708",
                "level": "INFO",
                "thread": "main",
                "logger": "org.hibernate.jpa.internal.util.LogHelper",
                "message": "HHH000204: Processing PersistenceUnitInfo [name: default]"
                }{
                "correlationId": "",
                "timestamp": "2026-03-24T01:11:03.823",
                "level": "INFO",
                "thread": "main",
                "logger": "org.hibernate.Version",
                "message": "HHH000412: Hibernate ORM core version 6.4.4.Final"
                }{
                "correlationId": "",
                "timestamp": "2026-03-24T01:11:03.869",
                "level": "INFO",
                "thread": "main",
                "logger": "org.hibernate.cache.internal.RegionFactoryInitiator",
                "message": "HHH000026: Second-level cache disabled"
                }{
                "correlationId": "",
                "timestamp": "2026-03-24T01:11:04.202",
                "level": "INFO",
                "thread": "main",
                "logger": "org.springframework.orm.jpa.persistenceunit.SpringPersistenceUnitInfo",
                "message": "No LoadTimeWeaver setup: ignoring JPA class transformer"
                }{
                "correlationId": "",
                "timestamp": "2026-03-24T01:11:04.402",
                "level": "WARN",
                "thread": "main",
                "logger": "org.hibernate.orm.deprecation",
                "message": "HHH90000025: PostgreSQLDialect does not need to be specified explicitly using 'hibernate.dialect' (remove the property setting and it will be selected by default)"
                }{
                "correlationId": "",
                "timestamp": "2026-03-24T01:11:05.195",
                "level": "INFO",
                "thread": "main",
                "logger": "org.hibernate.engine.transaction.jta.platform.internal.JtaPlatformInitiator",
                "message": "HHH000489: No JTA platform available (set 'hibernate.transaction.jta.platform' to enable JTA platform integration)"
                }{
                "correlationId": "",
                "timestamp": "2026-03-24T01:11:05.198",
                "level": "INFO",
                "thread": "main",
                "logger": "org.springframework.orm.jpa.LocalContainerEntityManagerFactoryBean",
                "message": "Initialized JPA EntityManagerFactory for persistence unit 'default'"
                }{
                "correlationId": "",
                "timestamp": "2026-03-24T01:11:07.124",
                "level": "WARN",
                "thread": "main",
                "logger": "org.springframework.boot.autoconfigure.orm.jpa.JpaBaseConfiguration$JpaWebConfiguration",
                "message": "spring.jpa.open-in-view is enabled by default. Therefore, database queries may be performed during view rendering. Explicitly configure spring.jpa.open-in-view to disable this warning"
                }{
                "correlationId": "",
                "timestamp": "2026-03-24T01:11:07.958",
                "level": "INFO",
                "thread": "main",
                "logger": "org.springframework.boot.actuate.endpoint.web.EndpointLinksResolver",
                "message": "Exposing 3 endpoint(s) beneath base path '/actuator'"
                }{
                "correlationId": "",
                "timestamp": "2026-03-24T01:11:08.015",
                "level": "INFO",
                "thread": "main",
                "logger": "org.apache.coyote.http11.Http11NioProtocol",
                "message": "Starting ProtocolHandler ["http-nio-8085"]"
                }{
                "correlationId": "",
                "timestamp": "2026-03-24T01:11:08.032",
                "level": "INFO",
                "thread": "main",
                "logger": "org.springframework.boot.web.embedded.tomcat.TomcatWebServer",
                "message": "Tomcat started on port 8085 (http) with context path ''"
                }{
                "correlationId": "",
                "timestamp": "2026-03-24T01:11:08.046",
                "level": "INFO",
                "thread": "main",
                "logger": "co.edu.uco.infrastructure.init.CrossWordApplication",
                "message": "Started CrossWordApplication in 18.037 seconds (process running for 19.684)"
                }{
                "correlationId": "",
                "timestamp": "2026-03-24T01:11:08.741",
                "level": "INFO",
                "thread": "http-nio-8085-exec-1",
                "logger": "org.apache.catalina.core.ContainerBase.[Tomcat].[localhost].[/]",
                "message": "Initializing Spring DispatcherServlet 'dispatcherServlet'"
                }{
                "correlationId": "",
                "timestamp": "2026-03-24T01:11:08.742",
                "level": "INFO",
                "thread": "http-nio-8085-exec-1",
                "logger": "org.springframework.web.servlet.DispatcherServlet",
                "message": "Initializing Servlet 'dispatcherServlet'"
                }{
                "correlationId": "",
                "timestamp": "2026-03-24T01:11:08.744",
                "level": "INFO",
                "thread": "http-nio-8085-exec-1",
                "logger": "org.springframework.web.servlet.DispatcherServlet",
                "message": "Completed initialization in 2 ms"
                }{
                "correlationId": "0ca3fca4-44aa-4dbf-87bb-8e1e9f1fe15a",
                "timestamp": "2026-03-24T01:27:50.857",
                "level": "INFO",
                "thread": "http-nio-8085-exec-5",
                "logger": "co.edu.uco.infrastructure.adapter.secondary.presenter.rest.HttpPresenterAdapter",
                "message": "The successful response is: {"data":["Fce8M4ZyMGbI84isaZgvxuBqQxKI7jm+PC5Y6Ej3XfivRqSihHexOxjJQfDOsX3G/Hig4PKRKv9UE4uRWtwzC987IJ0zT+3L256hchVYfYPxaCjfZo2e7Hobi2WTmHQqy1kCeq8xaDvWE/RoEggTQgtl/EIo0bEWRQdlNL7aiN97+eB+5V1j+2mckyLJT8VvWQQm8YKyG+6yDX/u8F2kCPOjI7mqbzWACQUl7UuAOwIPGUPFFxRjB/6rbisqP+ftgLED1r5/8hU/fNUnpGg0rxr4EzhPFMRORii4KmHR3qd8F8u7tYWLQewG09A4JyJ0TGqbXJf1JllLXv9ISBlrOg=="],"errors":[]}"
                }{
                "correlationId": "98c62bc9-f883-4234-bf7b-ac16eadeda6c",
                "timestamp": "2026-03-24T01:39:50.792",
                "level": "INFO",
                "thread": "http-nio-8085-exec-8",
                "logger": "org.springdoc.api.AbstractOpenApiResource",
                "message": "Init duration for springdoc-openapi is: 358 ms"
                }{
                "correlationId": "adc39905-2a82-45ee-a648-f0a0e83415c3",
                "timestamp": "2026-03-24T01:42:09.482",
                "level": "ERROR",
                "thread": "http-nio-8085-exec-10",
                "logger": "co.edu.uco.infrastructure.adapter.secondary.presenter.rest.HttpPresenterAdapter",
                "message": "The error response is: {"data":[],"errors":["The token is not found"]}"
                }{
                "correlationId": "8e672f29-82c6-48fa-b7db-ce4590b06bf2",
                "timestamp": "2026-03-24T01:44:45.293",
                "level": "INFO",
                "thread": "http-nio-8085-exec-7",
                "logger": "co.edu.uco.core.application.catalog.strategy.MessageCatalogStrategy",
                "message": "The message was not found in cache, we proceed to search in database"
                }{
                "correlationId": "8e672f29-82c6-48fa-b7db-ce4590b06bf2",
                "timestamp": "2026-03-24T01:44:45.303",
                "level": "ERROR",
                "thread": "http-nio-8085-exec-7",
                "logger": "co.edu.uco.infrastructure.adapter.secondary.presenter.rest.HttpPresenterAdapter",
                "message": "The error response is: {"data":[],"errors":["Message code does not exist with %s key"]}"
                }{
                "correlationId": "1208da2c-4c4c-4154-a7d5-00042edc83fa",
                "timestamp": "2026-03-24T01:48:44.479",
                "level": "INFO",
                "thread": "http-nio-8085-exec-3",
                "logger": "co.edu.uco.core.application.catalog.strategy.MessageCatalogStrategy",
                "message": "The message was not found in cache, we proceed to search in database"
                }{
                "correlationId": "1208da2c-4c4c-4154-a7d5-00042edc83fa",
                "timestamp": "2026-03-24T01:48:44.508",
                "level": "INFO",
                "thread": "http-nio-8085-exec-3",
                "logger": "co.edu.uco.core.application.catalog.strategy.MessageCatalogStrategy",
                "message": "Messages were found in the database, proceed to return and cache."
                }{
                "correlationId": "1208da2c-4c4c-4154-a7d5-00042edc83fa",
                "timestamp": "2026-03-24T01:48:44.552",
                "level": "INFO",
                "thread": "http-nio-8085-exec-3",
                "logger": "co.edu.uco.infrastructure.adapter.secondary.presenter.rest.HttpPresenterAdapter",
                "message": "The successful response is: {"data":[{"data":[{"code":"MSG_001","title":"Mensaje de prueba","content":"Este es un mensaje de prueba","type":"","category":"","application":"TestApp","functionality":""}],"page":1,"size":10,"totalItems":1,"totalPages":1}],"errors":[]}"
                }{
                "correlationId": "6643b884-b05a-405e-8474-f8bb0996637d",
                "timestamp": "2026-03-24T01:51:01.450",
                "level": "INFO",
                "thread": "http-nio-8085-exec-10",
                "logger": "co.edu.uco.core.application.catalog.strategy.MessageCatalogStrategy",
                "message": "Messages were found in cache, proceed to return."
                }{
                "correlationId": "6643b884-b05a-405e-8474-f8bb0996637d",
                "timestamp": "2026-03-24T01:51:01.454",
                "level": "INFO",
                "thread": "http-nio-8085-exec-10",
                "logger": "co.edu.uco.infrastructure.adapter.secondary.presenter.rest.HttpPresenterAdapter",
                "message": "The successful response is: {"data":[{"code":"MSG_001","title":"Mensaje de prueba","content":"Este es un mensaje de prueba","type":"","category":"","application":"TestApp","functionality":""}],"errors":[]}"
                }{
                "correlationId": "6b560ed4-b778-45e9-bc49-e79f56ba9fc2",
                "timestamp": "2026-03-24T02:59:40.293",
                "level": "INFO",
                "thread": "http-nio-8085-exec-9",
                "logger": "co.edu.uco.core.application.catalog.strategy.MessageCatalogStrategy",
                "message": "Messages were found in cache, proceed to return."
                }{
                "correlationId": "6b560ed4-b778-45e9-bc49-e79f56ba9fc2",
                "timestamp": "2026-03-24T02:59:40.330",
                "level": "INFO",
                "thread": "http-nio-8085-exec-9",
                "logger": "co.edu.uco.infrastructure.adapter.secondary.presenter.rest.HttpPresenterAdapter",
                "message": "The successful response is: {"data":[{"code":"MSG_001","title":"Mensaje de prueba","content":"Este es un mensaje de prueba","type":"","category":"","application":"TestApp","functionality":""}],"errors":[]}"
                }{
                "correlationId": "",
                "timestamp": "2026-03-24T21:41:44.573",
                "level": "INFO",
                "thread": "main",
                "logger": "co.edu.uco.infrastructure.init.CrossWordApplication",
                "message": "Starting CrossWordApplication v0.0.1-SNAPSHOT using Java 17.0.18 with PID 7 (/app/app.jar started by root in /app)"
                }{
                "correlationId": "",
                "timestamp": "2026-03-24T21:41:44.585",
                "level": "INFO",
                "thread": "main",
                "logger": "co.edu.uco.infrastructure.init.CrossWordApplication",
                "message": "No active profile set, falling back to 1 default profile: "default""
                }{
                "correlationId": "",
                "timestamp": "2026-03-24T21:41:46.101",
                "level": "INFO",
                "thread": "main",
                "logger": "org.springframework.data.repository.config.RepositoryConfigurationDelegate",
                "message": "Multiple Spring Data modules found, entering strict repository configuration mode"
                }{
                "correlationId": "",
                "timestamp": "2026-03-24T21:41:46.102",
                "level": "INFO",
                "thread": "main",
                "logger": "org.springframework.data.repository.config.RepositoryConfigurationDelegate",
                "message": "Bootstrapping Spring Data Redis repositories in DEFAULT mode."
                }{
                "correlationId": "",
                "timestamp": "2026-03-24T21:41:46.211",
                "level": "INFO",
                "thread": "main",
                "logger": "org.springframework.data.repository.config.RepositoryConfigurationExtensionSupport",
                "message": "Spring Data Redis - Could not safely identify store assignment for repository candidate interface co.edu.uco.infrastructure.adapter.secondary.repository.mongo.EnvironmentRepositoryAdapter; If you want this repository to be a Redis repository, consider annotating your entities with one of these annotations: org.springframework.data.redis.core.RedisHash (preferred), or consider extending one of the following types with your repository: org.springframework.data.keyvalue.repository.KeyValueRepository"
                }{
                "correlationId": "",
                "timestamp": "2026-03-24T21:41:46.213",
                "level": "INFO",
                "thread": "main",
                "logger": "org.springframework.data.repository.config.RepositoryConfigurationExtensionSupport",
                "message": "Spring Data Redis - Could not safely identify store assignment for repository candidate interface co.edu.uco.infrastructure.adapter.secondary.repository.mongo.TokenStateMongoRepositoryAdapter; If you want this repository to be a Redis repository, consider annotating your entities with one of these annotations: org.springframework.data.redis.core.RedisHash (preferred), or consider extending one of the following types with your repository: org.springframework.data.keyvalue.repository.KeyValueRepository"
                }{
                "correlationId": "",
                "timestamp": "2026-03-24T21:41:46.216",
                "level": "INFO",
                "thread": "main",
                "logger": "org.springframework.data.repository.config.RepositoryConfigurationExtensionSupport",
                "message": "Spring Data Redis - Could not safely identify store assignment for repository candidate interface co.edu.uco.infrastructure.adapter.secondary.repository.mongo.TokenMongoRepositoryAdapter; If you want this repository to be a Redis repository, consider annotating your entities with one of these annotations: org.springframework.data.redis.core.RedisHash (preferred), or consider extending one of the following types with your repository: org.springframework.data.keyvalue.repository.KeyValueRepository"
                }{
                "correlationId": "",
                "timestamp": "2026-03-24T21:41:46.218",
                "level": "INFO",
                "thread": "main",
                "logger": "org.springframework.data.repository.config.RepositoryConfigurationExtensionSupport",
                "message": "Spring Data Redis - Could not safely identify store assignment for repository candidate interface co.edu.uco.infrastructure.adapter.secondary.repository.mongo.EnvironmentMongoRepositoryAdapter; If you want this repository to be a Redis repository, consider annotating your entities with one of these annotations: org.springframework.data.redis.core.RedisHash (preferred), or consider extending one of the following types with your repository: org.springframework.data.keyvalue.repository.KeyValueRepository"
                }{
                "correlationId": "",
                "timestamp": "2026-03-24T21:41:46.223",
                "level": "INFO",
                "thread": "main",
                "logger": "org.springframework.data.repository.config.RepositoryConfigurationExtensionSupport",
                "message": "Spring Data Redis - Could not safely identify store assignment for repository candidate interface co.edu.uco.infrastructure.adapter.secondary.repository.postgresql.TokenPostgresSQLRepositoryAdapter; If you want this repository to be a Redis repository, consider annotating your entities with one of these annotations: org.springframework.data.redis.core.RedisHash (preferred), or consider extending one of the following types with your repository: org.springframework.data.keyvalue.repository.KeyValueRepository"
                }{
                "correlationId": "",
                "timestamp": "2026-03-24T21:41:46.261",
                "level": "INFO",
                "thread": "main",
                "logger": "org.springframework.data.repository.config.RepositoryConfigurationDelegate",
                "message": "Finished Spring Data repository scanning in 124 ms. Found 1 Redis repository interface."
                }{
                "correlationId": "",
                "timestamp": "2026-03-24T21:41:46.265",
                "level": "INFO",
                "thread": "main",
                "logger": "org.springframework.data.repository.config.RepositoryConfigurationDelegate",
                "message": "Multiple Spring Data modules found, entering strict repository configuration mode"
                }{
                "correlationId": "",
                "timestamp": "2026-03-24T21:41:46.266",
                "level": "INFO",
                "thread": "main",
                "logger": "org.springframework.data.repository.config.RepositoryConfigurationDelegate",
                "message": "Bootstrapping Spring Data JPA repositories in DEFAULT mode."
                }{
                "correlationId": "",
                "timestamp": "2026-03-24T21:41:46.278",
                "level": "INFO",
                "thread": "main",
                "logger": "org.springframework.data.repository.config.RepositoryConfigurationDelegate",
                "message": "Finished Spring Data repository scanning in 7 ms. Found 1 JPA repository interface."
                }{
                "correlationId": "",
                "timestamp": "2026-03-24T21:41:46.281",
                "level": "INFO",
                "thread": "main",
                "logger": "org.springframework.data.repository.config.RepositoryConfigurationDelegate",
                "message": "Multiple Spring Data modules found, entering strict repository configuration mode"
                }{
                "correlationId": "",
                "timestamp": "2026-03-24T21:41:46.282",
                "level": "INFO",
                "thread": "main",
                "logger": "org.springframework.data.repository.config.RepositoryConfigurationDelegate",
                "message": "Bootstrapping Spring Data MongoDB repositories in DEFAULT mode."
                }{
                "correlationId": "",
                "timestamp": "2026-03-24T21:41:46.286",
                "level": "INFO",
                "thread": "main",
                "logger": "org.springframework.data.repository.config.RepositoryConfigurationExtensionSupport",
                "message": "Spring Data MongoDB - Could not safely identify store assignment for repository candidate interface co.edu.uco.infrastructure.adapter.secondary.repository.postgresql.TokenPostgresSQLRepositoryAdapter; If you want this repository to be a MongoDB repository, consider annotating your entities with one of these annotations: org.springframework.data.mongodb.core.mapping.Document (preferred), or consider extending one of the following types with your repository: org.springframework.data.mongodb.repository.MongoRepository"
                }{
                "correlationId": "",
                "timestamp": "2026-03-24T21:41:46.287",
                "level": "INFO",
                "thread": "main",
                "logger": "org.springframework.data.repository.config.RepositoryConfigurationExtensionSupport",
                "message": "Spring Data MongoDB - Could not safely identify store assignment for repository candidate interface co.edu.uco.infrastructure.adapter.secondary.repository.redis.RedisRepositoryAdapter; If you want this repository to be a MongoDB repository, consider annotating your entities with one of these annotations: org.springframework.data.mongodb.core.mapping.Document (preferred), or consider extending one of the following types with your repository: org.springframework.data.mongodb.repository.MongoRepository"
                }{
                "correlationId": "",
                "timestamp": "2026-03-24T21:41:46.292",
                "level": "INFO",
                "thread": "main",
                "logger": "org.springframework.data.repository.config.RepositoryConfigurationDelegate",
                "message": "Finished Spring Data repository scanning in 9 ms. Found 4 MongoDB repository interfaces."
                }{
                "correlationId": "",
                "timestamp": "2026-03-24T21:41:48.332",
                "level": "INFO",
                "thread": "main",
                "logger": "org.springframework.boot.web.embedded.tomcat.TomcatWebServer",
                "message": "Tomcat initialized with port 8085 (http)"
                }{
                "correlationId": "",
                "timestamp": "2026-03-24T21:41:48.348",
                "level": "INFO",
                "thread": "main",
                "logger": "org.apache.coyote.http11.Http11NioProtocol",
                "message": "Initializing ProtocolHandler ["http-nio-8085"]"
                }{
                "correlationId": "",
                "timestamp": "2026-03-24T21:41:48.350",
                "level": "INFO",
                "thread": "main",
                "logger": "org.apache.catalina.core.StandardService",
                "message": "Starting service [Tomcat]"
                }{
                "correlationId": "",
                "timestamp": "2026-03-24T21:41:48.350",
                "level": "INFO",
                "thread": "main",
                "logger": "org.apache.catalina.core.StandardEngine",
                "message": "Starting Servlet engine: [Apache Tomcat/10.1.20]"
                }{
                "correlationId": "",
                "timestamp": "2026-03-24T21:41:48.401",
                "level": "INFO",
                "thread": "main",
                "logger": "org.apache.catalina.core.ContainerBase.[Tomcat].[localhost].[/]",
                "message": "Initializing Spring embedded WebApplicationContext"
                }{
                "correlationId": "",
                "timestamp": "2026-03-24T21:41:48.402",
                "level": "INFO",
                "thread": "main",
                "logger": "org.springframework.boot.web.servlet.context.ServletWebServerApplicationContext",
                "message": "Root WebApplicationContext: initialization completed in 3706 ms"
                }{
                "correlationId": "",
                "timestamp": "2026-03-24T21:41:48.765",
                "level": "INFO",
                "thread": "main",
                "logger": "org.hibernate.jpa.internal.util.LogHelper",
                "message": "HHH000204: Processing PersistenceUnitInfo [name: default]"
                }{
                "correlationId": "",
                "timestamp": "2026-03-24T21:41:48.903",
                "level": "INFO",
                "thread": "main",
                "logger": "org.hibernate.Version",
                "message": "HHH000412: Hibernate ORM core version 6.4.4.Final"
                }{
                "correlationId": "",
                "timestamp": "2026-03-24T21:41:48.994",
                "level": "INFO",
                "thread": "main",
                "logger": "org.hibernate.cache.internal.RegionFactoryInitiator",
                "message": "HHH000026: Second-level cache disabled"
                }{
                "correlationId": "",
                "timestamp": "2026-03-24T21:41:49.399",
                "level": "INFO",
                "thread": "main",
                "logger": "org.springframework.orm.jpa.persistenceunit.SpringPersistenceUnitInfo",
                "message": "No LoadTimeWeaver setup: ignoring JPA class transformer"
                }{
                "correlationId": "",
                "timestamp": "2026-03-24T21:41:49.795",
                "level": "WARN",
                "thread": "main",
                "logger": "org.hibernate.orm.deprecation",
                "message": "HHH90000025: PostgreSQLDialect does not need to be specified explicitly using 'hibernate.dialect' (remove the property setting and it will be selected by default)"
                }{
                "correlationId": "",
                "timestamp": "2026-03-24T21:41:50.761",
                "level": "INFO",
                "thread": "main",
                "logger": "org.hibernate.engine.transaction.jta.platform.internal.JtaPlatformInitiator",
                "message": "HHH000489: No JTA platform available (set 'hibernate.transaction.jta.platform' to enable JTA platform integration)"
                }{
                "correlationId": "",
                "timestamp": "2026-03-24T21:41:50.765",
                "level": "INFO",
                "thread": "main",
                "logger": "org.springframework.orm.jpa.LocalContainerEntityManagerFactoryBean",
                "message": "Initialized JPA EntityManagerFactory for persistence unit 'default'"
                }{
                "correlationId": "",
                "timestamp": "2026-03-24T21:41:53.442",
                "level": "WARN",
                "thread": "main",
                "logger": "org.springframework.boot.autoconfigure.orm.jpa.JpaBaseConfiguration$JpaWebConfiguration",
                "message": "spring.jpa.open-in-view is enabled by default. Therefore, database queries may be performed during view rendering. Explicitly configure spring.jpa.open-in-view to disable this warning"
                }{
                "correlationId": "",
                "timestamp": "2026-03-24T21:41:54.188",
                "level": "INFO",
                "thread": "main",
                "logger": "org.springframework.boot.actuate.endpoint.web.EndpointLinksResolver",
                "message": "Exposing 3 endpoint(s) beneath base path '/actuator'"
                }{
                "correlationId": "",
                "timestamp": "2026-03-24T21:41:54.232",
                "level": "INFO",
                "thread": "main",
                "logger": "org.apache.coyote.http11.Http11NioProtocol",
                "message": "Starting ProtocolHandler ["http-nio-8085"]"
                }{
                "correlationId": "",
                "timestamp": "2026-03-24T21:41:54.243",
                "level": "INFO",
                "thread": "main",
                "logger": "org.springframework.boot.web.embedded.tomcat.TomcatWebServer",
                "message": "Tomcat started on port 8085 (http) with context path ''"
                }{
                "correlationId": "",
                "timestamp": "2026-03-24T21:41:54.256",
                "level": "INFO",
                "thread": "main",
                "logger": "co.edu.uco.infrastructure.init.CrossWordApplication",
                "message": "Started CrossWordApplication in 23.861 seconds (process running for 26.42)"
                }{
                "correlationId": "",
                "timestamp": "2026-03-24T21:41:56.393",
                "level": "INFO",
                "thread": "http-nio-8085-exec-1",
                "logger": "org.apache.catalina.core.ContainerBase.[Tomcat].[localhost].[/]",
                "message": "Initializing Spring DispatcherServlet 'dispatcherServlet'"
                }{
                "correlationId": "",
                "timestamp": "2026-03-24T21:41:56.394",
                "level": "INFO",
                "thread": "http-nio-8085-exec-1",
                "logger": "org.springframework.web.servlet.DispatcherServlet",
                "message": "Initializing Servlet 'dispatcherServlet'"
                }{
                "correlationId": "",
                "timestamp": "2026-03-24T21:41:56.395",
                "level": "INFO",
                "thread": "http-nio-8085-exec-1",
                "logger": "org.springframework.web.servlet.DispatcherServlet",
                "message": "Completed initialization in 1 ms"
                }{
                "correlationId": "32be606b-bf00-42a4-b161-0f3ce514bba0",
                "timestamp": "2026-03-24T23:03:45.694",
                "level": "INFO",
                "thread": "http-nio-8085-exec-8",
                "logger": "co.edu.uco.infrastructure.adapter.secondary.presenter.rest.HttpPresenterAdapter",
                "message": "The successful response is: {"data":["n5Tsbu1xMRE38HMQnXCRKOWNb1/y/MHVVqNWVTK+pBEBzBKxpi2HJJM080zSd9Eu4TGeri5MiXkIyidjIwGivWSDR+eyOadjbUNASz+tcrYZ7klAAw/88I8sciat/NSP/3vMKoY1iMeDhVi/XQ1REF1d4kOPReWUwWEqPuKHM4f2mZ5fCQGLiAAQy6cjQ5xGuZJGQrA3dyK300WXwQlvseIoX/g05iNBJD8CURUnvntJlhkPHqok1R6tR0Xb2+bcQaL/+oDYVW0sb/HF/Y9taOCpmDX/1vnh0spf2mcx/3w28Y1RChoEZa1YuautewnIUyUnAADuSqcCf2MfzhZmPQ=="],"errors":[]}"
                }