{
                "correlationId": "",
                "timestamp": "2026-05-11T02:30:12.881",
                "level": "INFO",
                "thread": "main",
                "logger": "co.edu.uco.infrastructure.init.CrossWordApplication",
                "message": "Starting CrossWordApplication v0.0.1-SNAPSHOT using Java 21.0.10 with PID 7 (/app/app.jar started by root in /app)"
                }{
                "correlationId": "",
                "timestamp": "2026-05-11T02:30:12.902",
                "level": "INFO",
                "thread": "main",
                "logger": "co.edu.uco.infrastructure.init.CrossWordApplication",
                "message": "No active profile set, falling back to 1 default profile: "default""
                }{
                "correlationId": "",
                "timestamp": "2026-05-11T02:30:14.018",
                "level": "INFO",
                "thread": "main",
                "logger": "org.springframework.data.repository.config.RepositoryConfigurationDelegate",
                "message": "Multiple Spring Data modules found, entering strict repository configuration mode"
                }{
                "correlationId": "",
                "timestamp": "2026-05-11T02:30:14.019",
                "level": "INFO",
                "thread": "main",
                "logger": "org.springframework.data.repository.config.RepositoryConfigurationDelegate",
                "message": "Bootstrapping Spring Data Redis repositories in DEFAULT mode."
                }{
                "correlationId": "",
                "timestamp": "2026-05-11T02:30:14.056",
                "level": "INFO",
                "thread": "main",
                "logger": "org.springframework.data.repository.config.RepositoryConfigurationExtensionSupport",
                "message": "Spring Data Redis - Could not safely identify store assignment for repository candidate interface co.edu.uco.infrastructure.adapter.secondary.repository.mongo.EnvironmentRepositoryAdapter; If you want this repository to be a Redis repository, consider annotating your entities with one of these annotations: org.springframework.data.redis.core.RedisHash (preferred), or consider extending one of the following types with your repository: org.springframework.data.keyvalue.repository.KeyValueRepository"
                }{
                "correlationId": "",
                "timestamp": "2026-05-11T02:30:14.058",
                "level": "INFO",
                "thread": "main",
                "logger": "org.springframework.data.repository.config.RepositoryConfigurationExtensionSupport",
                "message": "Spring Data Redis - Could not safely identify store assignment for repository candidate interface co.edu.uco.infrastructure.adapter.secondary.repository.mongo.TokenStateMongoRepositoryAdapter; If you want this repository to be a Redis repository, consider annotating your entities with one of these annotations: org.springframework.data.redis.core.RedisHash (preferred), or consider extending one of the following types with your repository: org.springframework.data.keyvalue.repository.KeyValueRepository"
                }{
                "correlationId": "",
                "timestamp": "2026-05-11T02:30:14.059",
                "level": "INFO",
                "thread": "main",
                "logger": "org.springframework.data.repository.config.RepositoryConfigurationExtensionSupport",
                "message": "Spring Data Redis - Could not safely identify store assignment for repository candidate interface co.edu.uco.infrastructure.adapter.secondary.repository.mongo.TokenMongoRepositoryAdapter; If you want this repository to be a Redis repository, consider annotating your entities with one of these annotations: org.springframework.data.redis.core.RedisHash (preferred), or consider extending one of the following types with your repository: org.springframework.data.keyvalue.repository.KeyValueRepository"
                }{
                "correlationId": "",
                "timestamp": "2026-05-11T02:30:14.061",
                "level": "INFO",
                "thread": "main",
                "logger": "org.springframework.data.repository.config.RepositoryConfigurationExtensionSupport",
                "message": "Spring Data Redis - Could not safely identify store assignment for repository candidate interface co.edu.uco.infrastructure.adapter.secondary.repository.mongo.EnvironmentMongoRepositoryAdapter; If you want this repository to be a Redis repository, consider annotating your entities with one of these annotations: org.springframework.data.redis.core.RedisHash (preferred), or consider extending one of the following types with your repository: org.springframework.data.keyvalue.repository.KeyValueRepository"
                }{
                "correlationId": "",
                "timestamp": "2026-05-11T02:30:14.063",
                "level": "INFO",
                "thread": "main",
                "logger": "org.springframework.data.repository.config.RepositoryConfigurationExtensionSupport",
                "message": "Spring Data Redis - Could not safely identify store assignment for repository candidate interface co.edu.uco.infrastructure.adapter.secondary.repository.postgresql.TokenPostgresSQLRepositoryAdapter; If you want this repository to be a Redis repository, consider annotating your entities with one of these annotations: org.springframework.data.redis.core.RedisHash (preferred), or consider extending one of the following types with your repository: org.springframework.data.keyvalue.repository.KeyValueRepository"
                }{
                "correlationId": "",
                "timestamp": "2026-05-11T02:30:14.092",
                "level": "INFO",
                "thread": "main",
                "logger": "org.springframework.data.repository.config.RepositoryConfigurationDelegate",
                "message": "Finished Spring Data repository scanning in 56 ms. Found 1 Redis repository interface."
                }{
                "correlationId": "",
                "timestamp": "2026-05-11T02:30:14.096",
                "level": "INFO",
                "thread": "main",
                "logger": "org.springframework.data.repository.config.RepositoryConfigurationDelegate",
                "message": "Multiple Spring Data modules found, entering strict repository configuration mode"
                }{
                "correlationId": "",
                "timestamp": "2026-05-11T02:30:14.097",
                "level": "INFO",
                "thread": "main",
                "logger": "org.springframework.data.repository.config.RepositoryConfigurationDelegate",
                "message": "Bootstrapping Spring Data JPA repositories in DEFAULT mode."
                }{
                "correlationId": "",
                "timestamp": "2026-05-11T02:30:14.113",
                "level": "INFO",
                "thread": "main",
                "logger": "org.springframework.data.repository.config.RepositoryConfigurationDelegate",
                "message": "Finished Spring Data repository scanning in 10 ms. Found 1 JPA repository interface."
                }{
                "correlationId": "",
                "timestamp": "2026-05-11T02:30:14.116",
                "level": "INFO",
                "thread": "main",
                "logger": "org.springframework.data.repository.config.RepositoryConfigurationDelegate",
                "message": "Multiple Spring Data modules found, entering strict repository configuration mode"
                }{
                "correlationId": "",
                "timestamp": "2026-05-11T02:30:14.118",
                "level": "INFO",
                "thread": "main",
                "logger": "org.springframework.data.repository.config.RepositoryConfigurationDelegate",
                "message": "Bootstrapping Spring Data MongoDB repositories in DEFAULT mode."
                }{
                "correlationId": "",
                "timestamp": "2026-05-11T02:30:14.124",
                "level": "INFO",
                "thread": "main",
                "logger": "org.springframework.data.repository.config.RepositoryConfigurationExtensionSupport",
                "message": "Spring Data MongoDB - Could not safely identify store assignment for repository candidate interface co.edu.uco.infrastructure.adapter.secondary.repository.postgresql.TokenPostgresSQLRepositoryAdapter; If you want this repository to be a MongoDB repository, consider annotating your entities with one of these annotations: org.springframework.data.mongodb.core.mapping.Document (preferred), or consider extending one of the following types with your repository: org.springframework.data.mongodb.repository.MongoRepository"
                }{
                "correlationId": "",
                "timestamp": "2026-05-11T02:30:14.133",
                "level": "INFO",
                "thread": "main",
                "logger": "org.springframework.data.repository.config.RepositoryConfigurationExtensionSupport",
                "message": "Spring Data MongoDB - Could not safely identify store assignment for repository candidate interface co.edu.uco.infrastructure.adapter.secondary.repository.redis.RedisRepositoryAdapter; If you want this repository to be a MongoDB repository, consider annotating your entities with one of these annotations: org.springframework.data.mongodb.core.mapping.Document (preferred), or consider extending one of the following types with your repository: org.springframework.data.mongodb.repository.MongoRepository"
                }{
                "correlationId": "",
                "timestamp": "2026-05-11T02:30:14.150",
                "level": "INFO",
                "thread": "main",
                "logger": "org.springframework.data.repository.config.RepositoryConfigurationDelegate",
                "message": "Finished Spring Data repository scanning in 29 ms. Found 4 MongoDB repository interfaces."
                }{
                "correlationId": "",
                "timestamp": "2026-05-11T02:30:15.866",
                "level": "INFO",
                "thread": "main",
                "logger": "org.springframework.boot.web.embedded.tomcat.TomcatWebServer",
                "message": "Tomcat initialized with port 8085 (http)"
                }{
                "correlationId": "",
                "timestamp": "2026-05-11T02:30:15.882",
                "level": "INFO",
                "thread": "main",
                "logger": "org.apache.coyote.http11.Http11NioProtocol",
                "message": "Initializing ProtocolHandler ["http-nio-8085"]"
                }{
                "correlationId": "",
                "timestamp": "2026-05-11T02:30:15.885",
                "level": "INFO",
                "thread": "main",
                "logger": "org.apache.catalina.core.StandardService",
                "message": "Starting service [Tomcat]"
                }{
                "correlationId": "",
                "timestamp": "2026-05-11T02:30:15.887",
                "level": "INFO",
                "thread": "main",
                "logger": "org.apache.catalina.core.StandardEngine",
                "message": "Starting Servlet engine: [Apache Tomcat/10.1.20]"
                }{
                "correlationId": "",
                "timestamp": "2026-05-11T02:30:15.934",
                "level": "INFO",
                "thread": "main",
                "logger": "org.apache.catalina.core.ContainerBase.[Tomcat].[localhost].[/]",
                "message": "Initializing Spring embedded WebApplicationContext"
                }{
                "correlationId": "",
                "timestamp": "2026-05-11T02:30:15.935",
                "level": "INFO",
                "thread": "main",
                "logger": "org.springframework.boot.web.servlet.context.ServletWebServerApplicationContext",
                "message": "Root WebApplicationContext: initialization completed in 2986 ms"
                }{
                "correlationId": "",
                "timestamp": "2026-05-11T02:30:16.306",
                "level": "INFO",
                "thread": "main",
                "logger": "org.hibernate.jpa.internal.util.LogHelper",
                "message": "HHH000204: Processing PersistenceUnitInfo [name: default]"
                }{
                "correlationId": "",
                "timestamp": "2026-05-11T02:30:16.390",
                "level": "INFO",
                "thread": "main",
                "logger": "org.hibernate.Version",
                "message": "HHH000412: Hibernate ORM core version 6.4.4.Final"
                }{
                "correlationId": "",
                "timestamp": "2026-05-11T02:30:16.465",
                "level": "INFO",
                "thread": "main",
                "logger": "org.hibernate.cache.internal.RegionFactoryInitiator",
                "message": "HHH000026: Second-level cache disabled"
                }{
                "correlationId": "",
                "timestamp": "2026-05-11T02:30:16.872",
                "level": "INFO",
                "thread": "main",
                "logger": "org.springframework.orm.jpa.persistenceunit.SpringPersistenceUnitInfo",
                "message": "No LoadTimeWeaver setup: ignoring JPA class transformer"
                }{
                "correlationId": "",
                "timestamp": "2026-05-11T02:30:17.111",
                "level": "WARN",
                "thread": "main",
                "logger": "org.hibernate.orm.deprecation",
                "message": "HHH90000025: PostgreSQLDialect does not need to be specified explicitly using 'hibernate.dialect' (remove the property setting and it will be selected by default)"
                }{
                "correlationId": "",
                "timestamp": "2026-05-11T02:30:17.830",
                "level": "INFO",
                "thread": "main",
                "logger": "org.hibernate.engine.transaction.jta.platform.internal.JtaPlatformInitiator",
                "message": "HHH000489: No JTA platform available (set 'hibernate.transaction.jta.platform' to enable JTA platform integration)"
                }{
                "correlationId": "",
                "timestamp": "2026-05-11T02:30:17.834",
                "level": "INFO",
                "thread": "main",
                "logger": "org.springframework.orm.jpa.LocalContainerEntityManagerFactoryBean",
                "message": "Initialized JPA EntityManagerFactory for persistence unit 'default'"
                }{
                "correlationId": "",
                "timestamp": "2026-05-11T02:30:17.964",
                "level": "INFO",
                "thread": "main",
                "logger": "co.edu.uco.infrastructure.configuration.SurrealDBConfig",
                "message": "Connecting to SurrealDB at: ws://surrealdb-messageucolab:8005/rpc"
                }{
                "correlationId": "",
                "timestamp": "2026-05-11T02:30:18.353",
                "level": "INFO",
                "thread": "main",
                "logger": "co.edu.uco.infrastructure.configuration.SurrealDBConfig",
                "message": "Successfully signed in to SurrealDB"
                }{
                "correlationId": "",
                "timestamp": "2026-05-11T02:30:18.354",
                "level": "INFO",
                "thread": "main",
                "logger": "co.edu.uco.infrastructure.configuration.SurrealDBConfig",
                "message": "Using namespace: messageucolab and database: messageucolab"
                }{
                "correlationId": "",
                "timestamp": "2026-05-11T02:30:20.122",
                "level": "WARN",
                "thread": "main",
                "logger": "org.springframework.boot.autoconfigure.orm.jpa.JpaBaseConfiguration$JpaWebConfiguration",
                "message": "spring.jpa.open-in-view is enabled by default. Therefore, database queries may be performed during view rendering. Explicitly configure spring.jpa.open-in-view to disable this warning"
                }{
                "correlationId": "",
                "timestamp": "2026-05-11T02:30:20.975",
                "level": "INFO",
                "thread": "main",
                "logger": "org.springframework.boot.actuate.endpoint.web.EndpointLinksResolver",
                "message": "Exposing 3 endpoint(s) beneath base path '/actuator'"
                }{
                "correlationId": "",
                "timestamp": "2026-05-11T02:30:21.033",
                "level": "INFO",
                "thread": "main",
                "logger": "org.apache.coyote.http11.Http11NioProtocol",
                "message": "Starting ProtocolHandler ["http-nio-8085"]"
                }{
                "correlationId": "",
                "timestamp": "2026-05-11T02:30:21.051",
                "level": "INFO",
                "thread": "main",
                "logger": "org.springframework.boot.web.embedded.tomcat.TomcatWebServer",
                "message": "Tomcat started on port 8085 (http) with context path ''"
                }{
                "correlationId": "",
                "timestamp": "2026-05-11T02:30:21.064",
                "level": "INFO",
                "thread": "main",
                "logger": "co.edu.uco.infrastructure.init.CrossWordApplication",
                "message": "Started CrossWordApplication in 20.993 seconds (process running for 23.826)"
                }{
                "correlationId": "",
                "timestamp": "2026-05-11T02:39:28.754",
                "level": "INFO",
                "thread": "http-nio-8085-exec-1",
                "logger": "org.apache.catalina.core.ContainerBase.[Tomcat].[localhost].[/]",
                "message": "Initializing Spring DispatcherServlet 'dispatcherServlet'"
                }{
                "correlationId": "",
                "timestamp": "2026-05-11T02:39:28.758",
                "level": "INFO",
                "thread": "http-nio-8085-exec-1",
                "logger": "org.springframework.web.servlet.DispatcherServlet",
                "message": "Initializing Servlet 'dispatcherServlet'"
                }{
                "correlationId": "",
                "timestamp": "2026-05-11T02:39:28.801",
                "level": "INFO",
                "thread": "http-nio-8085-exec-1",
                "logger": "org.springframework.web.servlet.DispatcherServlet",
                "message": "Completed initialization in 43 ms"
                }{
                "correlationId": "7e830d84-c315-4cf8-a767-14c493c04373",
                "timestamp": "2026-05-11T02:39:29.061",
                "level": "WARN",
                "thread": "http-nio-8085-exec-1",
                "logger": "co.edu.uco.infrastructure.adapter.secondary.repository.surreal.impl.TokenStateSurrealAdapter",
                "message": "Cannot parse UUID from value: token_state:⟨123e4567-e89b-12d3-a456-426614175001⟩"
                }java.lang.IllegalArgumentException: UUID string too large
	at java.base/java.util.UUID.fromString1(UUID.java:266)
	at java.base/java.util.UUID.fromString(UUID.java:260)
	at co.edu.uco.infrastructure.adapter.secondary.repository.surreal.impl.TokenStateSurrealAdapter.extractUuid(TokenStateSurrealAdapter.java:83)
	at co.edu.uco.infrastructure.adapter.secondary.repository.surreal.impl.TokenStateSurrealAdapter.findOne(TokenStateSurrealAdapter.java:74)
	at co.edu.uco.infrastructure.adapter.secondary.repository.surreal.impl.TokenStateSurrealAdapter.findByStatusName(TokenStateSurrealAdapter.java:53)
	at co.edu.uco.core.domain.usecase.RevokeTokenUseCase.execute(RevokeTokenUseCase.java:24)
	at co.edu.uco.core.application.facade.token.impl.CreateTokenUseCaseFacadeImpl.execute(CreateTokenUseCaseFacadeImpl.java:60)
	at co.edu.uco.infrastructure.adapter.primary.controller.CreateTokenControllerImpl.createToken(CreateTokenControllerImpl.java:54)
	at java.base/jdk.internal.reflect.DirectMethodHandleAccessor.invoke(DirectMethodHandleAccessor.java:103)
	at java.base/java.lang.reflect.Method.invoke(Method.java:580)
	at org.springframework.web.method.support.InvocableHandlerMethod.doInvoke(InvocableHandlerMethod.java:255)
	at org.springframework.web.method.support.InvocableHandlerMethod.invokeForRequest(InvocableHandlerMethod.java:188)
	at org.springframework.web.servlet.mvc.method.annotation.ServletInvocableHandlerMethod.invokeAndHandle(ServletInvocableHandlerMethod.java:118)
	at org.springframework.web.servlet.mvc.method.annotation.RequestMappingHandlerAdapter.invokeHandlerMethod(RequestMappingHandlerAdapter.java:926)
	at org.springframework.web.servlet.mvc.method.annotation.RequestMappingHandlerAdapter.handleInternal(RequestMappingHandlerAdapter.java:831)
	at org.springframework.web.servlet.mvc.method.AbstractHandlerMethodAdapter.handle(AbstractHandlerMethodAdapter.java:87)
	at org.springframework.web.servlet.DispatcherServlet.doDispatch(DispatcherServlet.java:1089)
	at org.springframework.web.servlet.DispatcherServlet.doService(DispatcherServlet.java:979)
	at org.springframework.web.servlet.FrameworkServlet.processRequest(FrameworkServlet.java:1014)
	at org.springframework.web.servlet.FrameworkServlet.doPost(FrameworkServlet.java:914)
	at jakarta.servlet.http.HttpServlet.service(HttpServlet.java:590)
	at org.springframework.web.servlet.FrameworkServlet.service(FrameworkServlet.java:885)
	at jakarta.servlet.http.HttpServlet.service(HttpServlet.java:658)
	at org.apache.catalina.core.ApplicationFilterChain.internalDoFilter(ApplicationFilterChain.java:206)
	at org.apache.catalina.core.ApplicationFilterChain.doFilter(ApplicationFilterChain.java:150)
	at org.apache.tomcat.websocket.server.WsFilter.doFilter(WsFilter.java:51)
	at org.apache.catalina.core.ApplicationFilterChain.internalDoFilter(ApplicationFilterChain.java:175)
	at org.apache.catalina.core.ApplicationFilterChain.doFilter(ApplicationFilterChain.java:150)
	at org.springframework.web.filter.RequestContextFilter.doFilterInternal(RequestContextFilter.java:100)
	at org.springframework.web.filter.OncePerRequestFilter.doFilter(OncePerRequestFilter.java:116)
	at org.apache.catalina.core.ApplicationFilterChain.internalDoFilter(ApplicationFilterChain.java:175)
	at org.apache.catalina.core.ApplicationFilterChain.doFilter(ApplicationFilterChain.java:150)
	at org.springframework.web.filter.FormContentFilter.doFilterInternal(FormContentFilter.java:93)
	at org.springframework.web.filter.OncePerRequestFilter.doFilter(OncePerRequestFilter.java:116)
	at org.apache.catalina.core.ApplicationFilterChain.internalDoFilter(ApplicationFilterChain.java:175)
	at org.apache.catalina.core.ApplicationFilterChain.doFilter(ApplicationFilterChain.java:150)
	at org.springframework.web.filter.ServerHttpObservationFilter.doFilterInternal(ServerHttpObservationFilter.java:109)
	at org.springframework.web.filter.OncePerRequestFilter.doFilter(OncePerRequestFilter.java:116)
	at org.apache.catalina.core.ApplicationFilterChain.internalDoFilter(ApplicationFilterChain.java:175)
	at org.apache.catalina.core.ApplicationFilterChain.doFilter(ApplicationFilterChain.java:150)
	at org.springframework.web.filter.CharacterEncodingFilter.doFilterInternal(CharacterEncodingFilter.java:201)
	at org.springframework.web.filter.OncePerRequestFilter.doFilter(OncePerRequestFilter.java:116)
	at org.apache.catalina.core.ApplicationFilterChain.internalDoFilter(ApplicationFilterChain.java:175)
	at org.apache.catalina.core.ApplicationFilterChain.doFilter(ApplicationFilterChain.java:150)
	at org.apache.catalina.core.StandardWrapperValve.invoke(StandardWrapperValve.java:167)
	at org.apache.catalina.core.StandardContextValve.invoke(StandardContextValve.java:90)
	at org.apache.catalina.authenticator.AuthenticatorBase.invoke(AuthenticatorBase.java:482)
	at org.apache.catalina.core.StandardHostValve.invoke(StandardHostValve.java:115)
	at org.apache.catalina.valves.ErrorReportValve.invoke(ErrorReportValve.java:93)
	at org.apache.catalina.core.StandardEngineValve.invoke(StandardEngineValve.java:74)
	at org.apache.catalina.connector.CoyoteAdapter.service(CoyoteAdapter.java:344)
	at org.apache.coyote.http11.Http11Processor.service(Http11Processor.java:391)
	at org.apache.coyote.AbstractProcessorLight.process(AbstractProcessorLight.java:63)
	at org.apache.coyote.AbstractProtocol$ConnectionHandler.process(AbstractProtocol.java:896)
	at org.apache.tomcat.util.net.NioEndpoint$SocketProcessor.doRun(NioEndpoint.java:1736)
	at org.apache.tomcat.util.net.SocketProcessorBase.run(SocketProcessorBase.java:52)
	at org.apache.tomcat.util.threads.ThreadPoolExecutor.runWorker(ThreadPoolExecutor.java:1191)
	at org.apache.tomcat.util.threads.ThreadPoolExecutor$Worker.run(ThreadPoolExecutor.java:659)
	at org.apache.tomcat.util.threads.TaskThread$WrappingRunnable.run(TaskThread.java:63)
	at java.base/java.lang.Thread.run(Thread.java:1583)
{
                "correlationId": "7e830d84-c315-4cf8-a767-14c493c04373",
                "timestamp": "2026-05-11T02:39:30.961",
                "level": "INFO",
                "thread": "http-nio-8085-exec-1",
                "logger": "co.edu.uco.infrastructure.adapter.secondary.presenter.rest.HttpPresenterAdapter",
                "message": "The successful response is: {"data":["kpxPfRDK3OD02HYMocb1Np+aj5Jaf8H0qdHxqCzJPoDc4Fs4qcwSIyy5kHnI6XYqagkJDaUNPdLcPH3LjeAKYFrZjd1MYoJ6zsIZkCvtD/D+Eeo0Xp9fr583e60MCw2Qhy6p5uPMwWR2CZYI94eGCwD6A4RrWQsK27H8R6yrAT2HbPTZl35q5670FG0Qe7KoCn7Y2Xco6OEchPXoIYNPuwOiiJUofYJjopI/+fS/9G1/M50Lah1oB7zbPl/NzKYMHSzu4dK4SwJOgzAPKAeZ0BsNS0TD+Ixr0mPobihJ1Y4DKO+kkeVUXl18mWO5EtJ9rKE2t0Wc9ZOHCbbbHF/bgg=="],"errors":[]}"
                }{
                "correlationId": "3b827e6d-929e-4a70-bdf5-5fc678610f50",
                "timestamp": "2026-05-11T03:01:06.995",
                "level": "ERROR",
                "thread": "http-nio-8085-exec-3",
                "logger": "co.edu.uco.infrastructure.adapter.secondary.presenter.rest.HttpPresenterAdapter",
                "message": "The error response is: {"data":[],"errors":["The UUID to be converted has no valid format."]}"
                }{
                "correlationId": "876cad76-3c00-4cdf-aaed-3d7161a973bd",
                "timestamp": "2026-05-11T03:01:10.323",
                "level": "WARN",
                "thread": "http-nio-8085-exec-4",
                "logger": "co.edu.uco.infrastructure.adapter.secondary.repository.surreal.impl.TokenStateSurrealAdapter",
                "message": "Cannot parse UUID from value: token_state:⟨123e4567-e89b-12d3-a456-426614175001⟩"
                }java.lang.IllegalArgumentException: UUID string too large
	at java.base/java.util.UUID.fromString1(UUID.java:266)
	at java.base/java.util.UUID.fromString(UUID.java:260)
	at co.edu.uco.infrastructure.adapter.secondary.repository.surreal.impl.TokenStateSurrealAdapter.extractUuid(TokenStateSurrealAdapter.java:83)
	at co.edu.uco.infrastructure.adapter.secondary.repository.surreal.impl.TokenStateSurrealAdapter.findOne(TokenStateSurrealAdapter.java:74)
	at co.edu.uco.infrastructure.adapter.secondary.repository.surreal.impl.TokenStateSurrealAdapter.findByStatusName(TokenStateSurrealAdapter.java:53)
	at co.edu.uco.core.domain.usecase.RevokeTokenUseCase.execute(RevokeTokenUseCase.java:24)
	at co.edu.uco.core.application.facade.token.impl.CreateTokenUseCaseFacadeImpl.execute(CreateTokenUseCaseFacadeImpl.java:60)
	at co.edu.uco.infrastructure.adapter.primary.controller.CreateTokenControllerImpl.createToken(CreateTokenControllerImpl.java:54)
	at java.base/jdk.internal.reflect.DirectMethodHandleAccessor.invoke(DirectMethodHandleAccessor.java:103)
	at java.base/java.lang.reflect.Method.invoke(Method.java:580)
	at org.springframework.web.method.support.InvocableHandlerMethod.doInvoke(InvocableHandlerMethod.java:255)
	at org.springframework.web.method.support.InvocableHandlerMethod.invokeForRequest(InvocableHandlerMethod.java:188)
	at org.springframework.web.servlet.mvc.method.annotation.ServletInvocableHandlerMethod.invokeAndHandle(ServletInvocableHandlerMethod.java:118)
	at org.springframework.web.servlet.mvc.method.annotation.RequestMappingHandlerAdapter.invokeHandlerMethod(RequestMappingHandlerAdapter.java:926)
	at org.springframework.web.servlet.mvc.method.annotation.RequestMappingHandlerAdapter.handleInternal(RequestMappingHandlerAdapter.java:831)
	at org.springframework.web.servlet.mvc.method.AbstractHandlerMethodAdapter.handle(AbstractHandlerMethodAdapter.java:87)
	at org.springframework.web.servlet.DispatcherServlet.doDispatch(DispatcherServlet.java:1089)
	at org.springframework.web.servlet.DispatcherServlet.doService(DispatcherServlet.java:979)
	at org.springframework.web.servlet.FrameworkServlet.processRequest(FrameworkServlet.java:1014)
	at org.springframework.web.servlet.FrameworkServlet.doPost(FrameworkServlet.java:914)
	at jakarta.servlet.http.HttpServlet.service(HttpServlet.java:590)
	at org.springframework.web.servlet.FrameworkServlet.service(FrameworkServlet.java:885)
	at jakarta.servlet.http.HttpServlet.service(HttpServlet.java:658)
	at org.apache.catalina.core.ApplicationFilterChain.internalDoFilter(ApplicationFilterChain.java:206)
	at org.apache.catalina.core.ApplicationFilterChain.doFilter(ApplicationFilterChain.java:150)
	at org.apache.tomcat.websocket.server.WsFilter.doFilter(WsFilter.java:51)
	at org.apache.catalina.core.ApplicationFilterChain.internalDoFilter(ApplicationFilterChain.java:175)
	at org.apache.catalina.core.ApplicationFilterChain.doFilter(ApplicationFilterChain.java:150)
	at org.springframework.web.filter.RequestContextFilter.doFilterInternal(RequestContextFilter.java:100)
	at org.springframework.web.filter.OncePerRequestFilter.doFilter(OncePerRequestFilter.java:116)
	at org.apache.catalina.core.ApplicationFilterChain.internalDoFilter(ApplicationFilterChain.java:175)
	at org.apache.catalina.core.ApplicationFilterChain.doFilter(ApplicationFilterChain.java:150)
	at org.springframework.web.filter.FormContentFilter.doFilterInternal(FormContentFilter.java:93)
	at org.springframework.web.filter.OncePerRequestFilter.doFilter(OncePerRequestFilter.java:116)
	at org.apache.catalina.core.ApplicationFilterChain.internalDoFilter(ApplicationFilterChain.java:175)
	at org.apache.catalina.core.ApplicationFilterChain.doFilter(ApplicationFilterChain.java:150)
	at org.springframework.web.filter.ServerHttpObservationFilter.doFilterInternal(ServerHttpObservationFilter.java:109)
	at org.springframework.web.filter.OncePerRequestFilter.doFilter(OncePerRequestFilter.java:116)
	at org.apache.catalina.core.ApplicationFilterChain.internalDoFilter(ApplicationFilterChain.java:175)
	at org.apache.catalina.core.ApplicationFilterChain.doFilter(ApplicationFilterChain.java:150)
	at org.springframework.web.filter.CharacterEncodingFilter.doFilterInternal(CharacterEncodingFilter.java:201)
	at org.springframework.web.filter.OncePerRequestFilter.doFilter(OncePerRequestFilter.java:116)
	at org.apache.catalina.core.ApplicationFilterChain.internalDoFilter(ApplicationFilterChain.java:175)
	at org.apache.catalina.core.ApplicationFilterChain.doFilter(ApplicationFilterChain.java:150)
	at org.apache.catalina.core.StandardWrapperValve.invoke(StandardWrapperValve.java:167)
	at org.apache.catalina.core.StandardContextValve.invoke(StandardContextValve.java:90)
	at org.apache.catalina.authenticator.AuthenticatorBase.invoke(AuthenticatorBase.java:482)
	at org.apache.catalina.core.StandardHostValve.invoke(StandardHostValve.java:115)
	at org.apache.catalina.valves.ErrorReportValve.invoke(ErrorReportValve.java:93)
	at org.apache.catalina.core.StandardEngineValve.invoke(StandardEngineValve.java:74)
	at org.apache.catalina.connector.CoyoteAdapter.service(CoyoteAdapter.java:344)
	at org.apache.coyote.http11.Http11Processor.service(Http11Processor.java:391)
	at org.apache.coyote.AbstractProcessorLight.process(AbstractProcessorLight.java:63)
	at org.apache.coyote.AbstractProtocol$ConnectionHandler.process(AbstractProtocol.java:896)
	at org.apache.tomcat.util.net.NioEndpoint$SocketProcessor.doRun(NioEndpoint.java:1736)
	at org.apache.tomcat.util.net.SocketProcessorBase.run(SocketProcessorBase.java:52)
	at org.apache.tomcat.util.threads.ThreadPoolExecutor.runWorker(ThreadPoolExecutor.java:1191)
	at org.apache.tomcat.util.threads.ThreadPoolExecutor$Worker.run(ThreadPoolExecutor.java:659)
	at org.apache.tomcat.util.threads.TaskThread$WrappingRunnable.run(TaskThread.java:63)
	at java.base/java.lang.Thread.run(Thread.java:1583)
{
                "correlationId": "876cad76-3c00-4cdf-aaed-3d7161a973bd",
                "timestamp": "2026-05-11T03:01:11.523",
                "level": "INFO",
                "thread": "http-nio-8085-exec-4",
                "logger": "co.edu.uco.infrastructure.adapter.secondary.presenter.rest.HttpPresenterAdapter",
                "message": "The successful response is: {"data":["qus73yrHGzqHERrlyfYSjq+RcH7Kn2zfKUtTglrXtu+QYpw8GZAXXawzN5s2hlFBhcw+GdB5JWqVCwFIejtDAwgmZIKfl3MjU0/TJ60sc9NanVW2wJbAKM/jLvVchItleRvHnMB0mwIwh9GX0OHtJ0wJ6HCw2h1GUC/XVmHKMBeYkn52m8kdvvL9SWWgr85SeB8YaMHw5WYZSF9LICjA9YutdkTuqWNzUqAuj7asZpE9WzWmct9oLwF42BOxCtYazvMhC1MtxZ8KCZYwHB7qbCJLGX8K4n5iSCLmOJDqZU738xB+vbLdh+pRhtRMR6pTim2XamnX21K2mxcUjSgpLw=="],"errors":[]}"
                }